Microchip MPLAB XC8 Compiler V2.45

Linker command line:

-W-3 \
  --edf=C:\Program Files\Microchip\xc8\v2.45\pic\dat\20230818022343_en.msgs \
  -cn -h+dist/default/production\SPI_SLAVE.production.sym \
  --cmf=dist/default/production\SPI_SLAVE.production.cmf -z -Q18F458 \
  -oC:\Users\josep\AppData\Local\Temp\xcAsl2kc.\driver_tmp_3.o \
  --defsym=__MPLAB_BUILD=1 --fixupoverflow=error \
  -Mdist/default/production/SPI_SLAVE.production.map \
  --md=C:\Users\josep\AppData\Local\Temp\xcAsl2kc.\driver_tmp_0.dat -E1 \
  -ver=XC8 Compiler --acfsm=1493 -ACODE=00h-03FFFhx2 -ACONST=00h-07FFFh \
  -ASMALLCONST=0600h-06FFhx122 -AMEDIUMCONST=0600h-07FFFh -ACOMRAM=01h-05Fh \
  -AABS1=00h-05FFh -ABIGRAM=01h-05FFh -ARAM=060h-0FFh,0100h-01FFhx5 \
  -ABANK0=060h-0FFh -ABANK1=0100h-01FFh -ABANK2=0200h-02FFh \
  -ABANK3=0300h-03FFh -ABANK4=0400h-04FFh -ABANK5=0500h-05FFh \
  -ASFR=0F00h-0F5Fh,0F60h-0FFFh -ABIGSFR=0F00h-0FFFh \
  -ACONFIG=0300000h-030000Dh -AIDLOC=0200000h-0200007h \
  -AEEDATA=0F00000h-0F000FFh -peeprom_data=EEDATA \
  -preset_vec=00h,intcode,intcodelo,powerup,init -pramtop=0600h \
  -psmallconst=SMALLCONST -pmediumconst=MEDIUMCONST -pconst=CONST \
  -AFARRAM=00h-00h \
  -prdata=COMRAM,nvrram=COMRAM,nvbit=COMRAM,rbss=COMRAM,rbit=COMRAM \
  -pfarbss=FARRAM,fardata=FARRAM,nvFARRAM=FARRAM \
  -pintsave_regs=BIGRAM,bigbss=BIGRAM,bigdata=BIGRAM -pbss=RAM \
  -pidata=CODE,irdata=CODE,ibigdata=CODE,ifardata=CODE -prparam=COMRAM \
  C:\Users\josep\AppData\Local\Temp\xcAsl2kc.\driver_tmp_9.o \
  dist/default/production\SPI_SLAVE.production.o 

Object code version is 3.11

Machine type is 18F458



                Name                               Link     Load   Length Selector   Space Scale
C:\Users\josep\AppData\Local\Temp\xcAsl2kc.\driver_tmp_9.o
                config                           300002   300002        2        0       4
                text                                9AA      9AA        2      305       0
                init                                  2        2        4        0       0
                reset_vec                             0        0        2        0       0
dist/default/production\SPI_SLAVE.production.o
                config                           300002   300002        2        0       4
                smallconst                          600      600        A      300       0
                text9                               754      754       80      305       0
                text8                               94E      94E       26      305       0
                text7                               988      988       12      305       0
                text6                               84A      84A       6C      305       0
                text5                               7D4      7D4       76      305       0
                text4                               6C8      6C8       8C      305       0
                text3                               8B6      8B6       52      305       0
                text2                               99A      99A       10      305       0
                text1                               60A      60A       BE      305       0
                text0                               908      908       46      305       0
                cstackCOMRAM                          1        1        D        1       1
                bssCOMRAM                             E        E        3        1       1
                cinit                               974      974       14      305       0

TOTAL           Name                               Link     Load   Length     Space
        CLASS   CODE           
                text                                9AA      9AA        2         0
                init                                  2        2        4         0
                reset_vec                             0        0        2         0
                text9                               754      754       80         0
                text8                               94E      94E       26         0
                text7                               988      988       12         0
                text6                               84A      84A       6C         0
                text5                               7D4      7D4       76         0
                text4                               6C8      6C8       8C         0
                text3                               8B6      8B6       52         0
                text2                               99A      99A       10         0
                text1                               60A      60A       BE         0
                text0                               908      908       46         0
                cinit                               974      974       14         0

        CLASS   CONST          

        CLASS   SMALLCONST     
                smallconst                          600      600        A         0

        CLASS   MEDIUMCONST    

        CLASS   COMRAM         
                cstackCOMRAM                          1        1        D         1
                bssCOMRAM                             E        E        3         1

        CLASS   ABS1           

        CLASS   BIGRAM         

        CLASS   RAM            

        CLASS   BANK0          

        CLASS   BANK1          

        CLASS   BANK2          

        CLASS   BANK3          

        CLASS   BANK4          

        CLASS   BANK5          

        CLASS   SFR            

        CLASS   BIGSFR         

        CLASS   CONFIG         
                config                           300002   300002        2         4

        CLASS   IDLOC          

        CLASS   EEDATA         

        CLASS   FARRAM         

        CLASS   HEAP           

        CLASS   STACK          



SEGMENTS        Name                           Load    Length   Top    Selector   Space  Class

                reset_vec                      000000  000006  000006         0       0  CODE    
                cstackCOMRAM                   000001  000010  000011         1       1  COMRAM  
                smallconst                     000600  00000A  00060A       300       0  SMALLCON
                text1                          00060A  0003A2  0009AC       305       0  CODE    


UNUSED ADDRESS RANGES

        Name                Unused          Largest block    Delta
        BANK0            000060-0000FF               A0
        BANK1            000100-0001FF              100
        BANK2            000200-0002FF              100
        BANK3            000300-0003FF              100
        BANK4            000400-0004FF              100
        BANK5            000500-0005FF              100
        BIGRAM           000011-0005FF              5EF
        BIGSFR           000F00-000FFF              100
        CODE             000006-0005FF              5FA
                         0009AC-007FFF             3654
        COMRAM           000011-00005F               4F
        CONFIG           300000-300001                2
                         300004-30000D                A
        CONST            000006-0005FF              5FA
                         0009AC-007FFF             7654
        EEDATA           F00000-F000FF              100
        IDLOC            200000-200007                8
        MEDIUMCONST      0009AC-007FFF             7654
        RAM              000060-0005FF              100
        SFR              000F00-000FFF               60
        SMALLCONST       0009AC-007FFF              100

                                  Symbol Table

_LATCbits                                                                 (abs)        000F8B
_LATD                                                                     (abs)        000F8C
_LATDbits                                                                 (abs)        000F8C
_PORTCbits                                                                (abs)        000F82
_TRISCbits                                                                (abs)        000F94
_TRISD                                                                    (abs)        000F95
__HRAM                                                                    (abs)        000000
__H__absolute__                                                           __absolute__ 000000
__Habs1                                                                   abs1         000000
__Hbank0                                                                  bank0        000000
__Hbank1                                                                  bank1        000000
__Hbank2                                                                  bank2        000000
__Hbank3                                                                  bank3        000000
__Hbank4                                                                  bank4        000000
__Hbank5                                                                  bank5        000000
__Hbigbss                                                                 bigbss       000000
__Hbigdata                                                                bigdata      000000
__Hbigram                                                                 bigram       000000
__Hbigsfr                                                                 bigsfr       000000
__Hbss                                                                    bss          000000
__HbssCOMRAM                                                              bssCOMRAM    000000
__Hcinit                                                                  cinit        000000
__Hclrtext                                                                clrtext      000000
__Hcomram                                                                 comram       000000
__Hconfig                                                                 config       300004
__Hconst                                                                  const        000000
__HcstackCOMRAM                                                           cstackCOMRAM 000000
__Hdata                                                                   data         000000
__Heeprom_data                                                            eeprom_data  000000
__Hfarbss                                                                 farbss       000000
__Hfardata                                                                fardata      000000
__Hheap                                                                   heap         000000
__Hibigdata                                                               ibigdata     000000
__Hidata                                                                  idata        000000
__Hidloc                                                                  idloc        000000
__Hifardata                                                               ifardata     000000
__Hinit                                                                   init         000006
__Hintcode                                                                intcode      000002
__Hintcode_body                                                           intcode_body 000000
__Hintcodelo                                                              intcodelo    000002
__Hintentry                                                               intentry     000000
__Hintret                                                                 intret       000000
__Hintsave_regs                                                           intsave_regs 000000
__Hirdata                                                                 irdata       000000
__Hmediumconst                                                            mediumconst  000000
__HnvFARRAM                                                               nvFARRAM     000000
__Hnvbit                                                                  nvbit        000000
__Hnvrram                                                                 nvrram       000000
__Hparam                                                                  rparam       000000
__Hpowerup                                                                powerup      000002
__Hram                                                                    ram          000000
__Hramtop                                                                 ramtop       000600
__Hrbit                                                                   rbit         000000
__Hrbss                                                                   rbss         000000
__Hrdata                                                                  rdata        000000
__Hreset_vec                                                              reset_vec    000002
__Hrparam                                                                 rparam       000000
__Hsfr                                                                    sfr          000000
__Hsmallconst                                                             smallconst   00060A
__Hspace_0                                                                (abs)        0009AC
__Hspace_1                                                                (abs)        000011
__Hspace_2                                                                (abs)        000000
__Hspace_4                                                                (abs)        600006
__Hstack                                                                  stack        000000
__Hstruct                                                                 struct       000000
__Htemp                                                                   temp         000000
__Htext                                                                   text         000000
__Htext0                                                                  text0        000000
__Htext1                                                                  text1        000000
__Htext2                                                                  text2        000000
__Htext3                                                                  text3        000000
__Htext4                                                                  text4        000000
__Htext5                                                                  text5        000000
__Htext6                                                                  text6        000000
__Htext7                                                                  text7        000000
__Htext8                                                                  text8        000000
__Htext9                                                                  text9        000000
__LRAM                                                                    (abs)        000001
__L__absolute__                                                           __absolute__ 000000
__Labs1                                                                   abs1         000000
__Lbank0                                                                  bank0        000000
__Lbank1                                                                  bank1        000000
__Lbank2                                                                  bank2        000000
__Lbank3                                                                  bank3        000000
__Lbank4                                                                  bank4        000000
__Lbank5                                                                  bank5        000000
__Lbigbss                                                                 bigbss       000000
__Lbigdata                                                                bigdata      000000
__Lbigram                                                                 bigram       000000
__Lbigsfr                                                                 bigsfr       000000
__Lbss                                                                    bss          000000
__LbssCOMRAM                                                              bssCOMRAM    000000
__Lcinit                                                                  cinit        000000
__Lclrtext                                                                clrtext      000000
__Lcomram                                                                 comram       000000
__Lconfig                                                                 config       000000
__Lconst                                                                  const        000000
__LcstackCOMRAM                                                           cstackCOMRAM 000000
__Ldata                                                                   data         000000
__Leeprom_data                                                            eeprom_data  000000
__Lfarbss                                                                 farbss       000000
__Lfardata                                                                fardata      000000
__Lheap                                                                   heap         000000
__Libigdata                                                               ibigdata     000000
__Lidata                                                                  idata        000000
__Lidloc                                                                  idloc        000000
__Lifardata                                                               ifardata     000000
__Linit                                                                   init         000002
__Lintcode                                                                intcode      000002
__Lintcode_body                                                           intcode_body 000000
__Lintcodelo                                                              intcodelo    000002
__Lintentry                                                               intentry     000000
__Lintret                                                                 intret       000000
__Lintsave_regs                                                           intsave_regs 000000
__Lirdata                                                                 irdata       000000
__Lmediumconst                                                            mediumconst  000000
__LnvFARRAM                                                               nvFARRAM     000000
__Lnvbit                                                                  nvbit        000000
__Lnvrram                                                                 nvrram       000000
__Lparam                                                                  rparam       000000
__Lpowerup                                                                powerup      000002
__Lram                                                                    ram          000000
__Lramtop                                                                 ramtop       000600
__Lrbit                                                                   rbit         000000
__Lrbss                                                                   rbss         000000
__Lrdata                                                                  rdata        000000
__Lreset_vec                                                              reset_vec    000000
__Lrparam                                                                 rparam       000000
__Lsfr                                                                    sfr          000000
__Lsmallconst                                                             smallconst   000600
__Lspace_0                                                                (abs)        000000
__Lspace_1                                                                (abs)        000000
__Lspace_2                                                                (abs)        000000
__Lspace_4                                                                (abs)        000000
__Lstack                                                                  stack        000000
__Lstruct                                                                 struct       000000
__Ltemp                                                                   temp         000000
__Ltext                                                                   text         000000
__Ltext0                                                                  text0        000000
__Ltext1                                                                  text1        000000
__Ltext2                                                                  text2        000000
__Ltext3                                                                  text3        000000
__Ltext4                                                                  text4        000000
__Ltext5                                                                  text5        000000
__Ltext6                                                                  text6        000000
__Ltext7                                                                  text7        000000
__Ltext8                                                                  text8        000000
__Ltext9                                                                  text9        000000
__S0                                                                      (abs)        0009AC
__S1                                                                      (abs)        000011
__S4                                                                      (abs)        000000
__S5                                                                      (abs)        000000
___heap_hi                                                                (abs)        000000
___heap_lo                                                                (abs)        000000
___inthi_sp                                                               stack        000000
___inthi_stack_hi                                                         stack        000000
___inthi_stack_lo                                                         stack        000000
___intlo_sp                                                               stack        000000
___intlo_stack_hi                                                         stack        000000
___intlo_stack_lo                                                         stack        000000
___param_bank                                                             (abs)        000000
___rparam_used                                                            (abs)        000001
___sp                                                                     stack        000000
___stack_hi                                                               stack        000000
___stack_lo                                                               stack        000000
__accesstop                                                               (abs)        000060
__activetblptr                                                            (abs)        000001
__cntErrataNOP_C:\Users\josep\AppData\Local\Temp\xcAsl2kc.\driver_tmp_9.o (abs)        000001
__cntErrataNOP_dist/default/production\SPI_SLAVE.production.o             (abs)        000045
__end_of__initialization                                                  cinit        00097A
__end_of_lcd_char                                                         text4        000754
__end_of_lcd_clear                                                        text7        00099A
__end_of_lcd_cmd                                                          text8        000974
__end_of_lcd_init                                                         text6        0008B6
__end_of_lcd_set_bit                                                      text9        0007D4
__end_of_lcd_set_cursor                                                   text5        00084A
__end_of_lcd_string                                                       text3        000908
__end_of_main                                                             text0        00094E
__end_of_spi_init                                                         text2        0009AA
__end_of_spi_transfer                                                     text1        0006C8
__initialization                                                          cinit        000974
__mediumconst                                                             mediumconst  000000
__pbssCOMRAM                                                              bssCOMRAM    00000E
__pcinit                                                                  cinit        000974
__pcstackCOMRAM                                                           cstackCOMRAM 000001
__psmallconst                                                             smallconst   000600
__ptext0                                                                  text0        000908
__ptext1                                                                  text1        00060A
__ptext2                                                                  text2        00099A
__ptext3                                                                  text3        0008B6
__ptext4                                                                  text4        0006C8
__ptext5                                                                  text5        0007D4
__ptext6                                                                  text6        00084A
__ptext7                                                                  text7        000988
__ptext8                                                                  text8        00094E
__ptext9                                                                  text9        000754
__ramtop                                                                  ramtop       000600
__smallconst                                                              smallconst   000600
_lcd_char                                                                 text4        0006C8
_lcd_clear                                                                text7        000988
_lcd_cmd                                                                  text8        00094E
_lcd_init                                                                 text6        00084A
_lcd_set_bit                                                              text9        000754
_lcd_set_cursor                                                           text5        0007D4
_lcd_string                                                               text3        0008B6
_main                                                                     text0        000908
_payload                                                                  bssCOMRAM    00000E
_spi_init                                                                 text2        00099A
_spi_transfer                                                             text1        00060A
end_of_initialization                                                     cinit        00097A
intlevel0                                                                 text         0009AA
intlevel1                                                                 text         0009AA
intlevel2                                                                 text         0009AA
intlevel3                                                                 text         0009AA
isa$std                                                                   (abs)        000001
isa$xinst                                                                 (abs)        000000
lcd_char@Lower_Nibble                                                     cstackCOMRAM 000002
lcd_char@Upper_Nibble                                                     cstackCOMRAM 000003
lcd_char@data                                                             cstackCOMRAM 000008
lcd_char@i                                                                cstackCOMRAM 000004
lcd_char@i_259                                                            cstackCOMRAM 000006
lcd_cmd@a                                                                 cstackCOMRAM 000003
lcd_set_bit@data_bit                                                      cstackCOMRAM 000001
lcd_set_cursor@a                                                          cstackCOMRAM 000005
lcd_set_cursor@b                                                          cstackCOMRAM 000004
lcd_set_cursor@temp                                                       cstackCOMRAM 000008
lcd_set_cursor@y                                                          cstackCOMRAM 000007
lcd_set_cursor@z                                                          cstackCOMRAM 000006
lcd_string@a                                                              cstackCOMRAM 000009
lcd_string@i                                                              cstackCOMRAM 00000B
main@receivedData                                                         cstackCOMRAM 00000D
spi_transfer@data                                                         cstackCOMRAM 000002
spi_transfer@i                                                            cstackCOMRAM 000004
spi_transfer@receivedData                                                 cstackCOMRAM 000003
stackhi                                                                   (abs)        000000
stacklo                                                                   (abs)        000000
start                                                                     init         000002
start_initialization                                                      cinit        000974


MODULE INFORMATION

Module		Function		Class		Link	Load	Size
rx_main.c
		_main          		CODE           	0908	0000	70

rx_main.c estimated size: 70

./soft_spi_slave.h
		_spi_transfer  		CODE           	060A	0000	190
		_spi_init      		CODE           	099A	0000	16

./soft_spi_slave.h estimated size: 206

./lcd.h
		_lcd_cmd       		CODE           	094E	0000	38
		_lcd_set_bit   		CODE           	0754	0000	128
		_lcd_char      		CODE           	06C8	0000	140
		_lcd_set_cursor		CODE           	07D4	0000	118
		_lcd_clear     		CODE           	0988	0000	18
		_lcd_string    		CODE           	08B6	0000	82
		_lcd_init      		CODE           	084A	0000	108

./lcd.h estimated size: 632

shared
		__initialization		CODE           	0974	0000	6

shared estimated size: 6

