Microchip MPLAB XC8 Compiler V2.45

Linker command line:

-W-3 \
  --edf=C:\Program Files\Microchip\xc8\v2.45\pic\dat\20230818022343_en.msgs \
  -cn -h+dist/default/production\RX_UART.production.sym \
  --cmf=dist/default/production\RX_UART.production.cmf -z -Q18F4550 \
  -oC:\Users\josep\AppData\Local\Temp\xcAs1cf80.\driver_tmp_3.o \
  --defsym=__MPLAB_BUILD=1 --fixupoverflow=error \
  -Mdist/default/production/RX_UART.production.map \
  --md=C:\Users\josep\AppData\Local\Temp\xcAs1cf80.\driver_tmp_0.dat -E1 \
  -ver=XC8 Compiler --acfsm=1493 -ACODE=00h-07FFFh -ACONST=00h-07FFFh \
  -ASMALLCONST=0800h-08FFhx120 -AMEDIUMCONST=0800h-07FFFh -ACOMRAM=01h-05Fh \
  -AABS1=00h-07FFh -ABIGRAM=01h-07FFh -ARAM=060h-0FFh,0100h-01FFhx7 \
  -ABANK0=060h-0FFh -ABANK1=0100h-01FFh -ABANK2=0200h-02FFh \
  -ABANK3=0300h-03FFh -ABANK4=0400h-04FFh -ABANK5=0500h-05FFh \
  -ABANK6=0600h-06FFh -ABANK7=0700h-07FFh -ASFR=0F60h-0FFFh \
  -ABIGSFR=0F60h-0FFFh -ACONFIG=0300000h-030000Dh -AIDLOC=0200000h-0200007h \
  -AEEDATA=0F00000h-0F000FFh -peeprom_data=EEDATA \
  -preset_vec=00h,intcode,intcodelo,powerup,init -pramtop=0800h \
  -psmallconst=SMALLCONST -pmediumconst=MEDIUMCONST -pconst=CONST \
  -AFARRAM=00h-00h \
  -prdata=COMRAM,nvrram=COMRAM,nvbit=COMRAM,rbss=COMRAM,rbit=COMRAM \
  -pfarbss=FARRAM,fardata=FARRAM,nvFARRAM=FARRAM \
  -pintsave_regs=BIGRAM,bigbss=BIGRAM,bigdata=BIGRAM -pbss=RAM \
  -pidata=CODE,irdata=CODE,ibigdata=CODE,ifardata=CODE -prparam=COMRAM \
  C:\Users\josep\AppData\Local\Temp\xcAs1cf80.\driver_tmp_9.o \
  dist/default/production\RX_UART.production.o 

Object code version is 3.11

Machine type is 18F4550



                Name                               Link     Load   Length Selector   Space Scale
C:\Users\josep\AppData\Local\Temp\xcAs1cf80.\driver_tmp_9.o
                config                           300002   300002        2        0       4
                init                                  0        0        4        0       0
dist/default/production\RX_UART.production.o
                config                           300002   300002        2        0       4
                smallconst                          800      800        8      400       0
                text11                              A3E      A3E       5C      404       0
                text10                              B24      B24       20      404       0
                text9                               B52      B52        E      404       0
                text8                               9DC      9DC       62      404       0
                text7                               976      976       66      404       0
                text6                               886      886       7C      404       0
                text5                               AE2      AE2       42      404       0
                text4                               B60      B60        A      404       0
                text3                               B6A      B6A        8      404       0
                text2                               808      808       7E      404       0
                text1                               902      902       74      404       0
                text0                               A9A      A9A       48      404       0
                cstackCOMRAM                          1        1        D        1       1
                cinit                               B44      B44        E      404       0

TOTAL           Name                               Link     Load   Length     Space
        CLASS   CODE           
                init                                  0        0        4         0
                text11                              A3E      A3E       5C         0
                text10                              B24      B24       20         0
                text9                               B52      B52        E         0
                text8                               9DC      9DC       62         0
                text7                               976      976       66         0
                text6                               886      886       7C         0
                text5                               AE2      AE2       42         0
                text4                               B60      B60        A         0
                text3                               B6A      B6A        8         0
                text2                               808      808       7E         0
                text1                               902      902       74         0
                text0                               A9A      A9A       48         0
                cinit                               B44      B44        E         0

        CLASS   CONST          

        CLASS   SMALLCONST     
                smallconst                          800      800        8         0

        CLASS   MEDIUMCONST    

        CLASS   COMRAM         
                cstackCOMRAM                          1        1        D         1

        CLASS   ABS1           

        CLASS   BIGRAM         

        CLASS   RAM            

        CLASS   BANK0          

        CLASS   BANK1          

        CLASS   BANK2          

        CLASS   BANK3          

        CLASS   BANK4          

        CLASS   BANK5          

        CLASS   BANK6          

        CLASS   BANK7          

        CLASS   SFR            

        CLASS   BIGSFR         

        CLASS   CONFIG         
                config                           300002   300002        2         4

        CLASS   IDLOC          

        CLASS   EEDATA         

        CLASS   FARRAM         

        CLASS   HEAP           

        CLASS   STACK          



SEGMENTS        Name                           Load    Length   Top    Selector   Space  Class

                reset_vec                      000000  000004  000004         0       0  CODE    
                cstackCOMRAM                   000001  00000D  00000E         1       1  COMRAM  
                smallconst                     000800  000008  000808       400       0  SMALLCON
                text2                          000808  00036A  000B72       404       0  CODE    


UNUSED ADDRESS RANGES

        Name                Unused          Largest block    Delta
        BANK0            000060-0000FF               A0
        BANK1            000100-0001FF              100
        BANK2            000200-0002FF              100
        BANK3            000300-0003FF              100
        BANK4            000400-0004FF              100
        BANK5            000500-0005FF              100
        BANK6            000600-0006FF              100
        BANK7            000700-0007FF              100
        BIGRAM           00000E-0007FF              7F2
        BIGSFR           000F60-000FFF               A0
        CODE             000004-0007FF              7FC
                         000B72-007FFF             748E
        COMRAM           00000E-00005F               52
        CONFIG           300000-300001                2
                         300004-30000D                A
        CONST            000004-0007FF              7FC
                         000B72-007FFF             748E
        EEDATA           F00000-F000FF              100
        IDLOC            200000-200007                8
        MEDIUMCONST      000B72-007FFF             748E
        RAM              000060-0007FF              100
        SFR              000F60-000FFF               A0
        SMALLCONST       000B72-007FFF              100

                                  Symbol Table

_LATBbits                (abs)        000F8A
_LATD                    (abs)        000F8C
_LATDbits                (abs)        000F8C
_PORTBbits               (abs)        000F81
_TRISBbits               (abs)        000F93
_TRISD                   (abs)        000F95
__HRAM                   (abs)        000000
__H__absolute__          __absolute__ 000000
__Habs1                  abs1         000000
__Hbank0                 bank0        000000
__Hbank1                 bank1        000000
__Hbank2                 bank2        000000
__Hbank3                 bank3        000000
__Hbank4                 bank4        000000
__Hbank5                 bank5        000000
__Hbank6                 bank6        000000
__Hbank7                 bank7        000000
__Hbigbss                bigbss       000000
__Hbigdata               bigdata      000000
__Hbigram                bigram       000000
__Hbigsfr                bigsfr       000000
__Hbss                   bss          000000
__Hcinit                 cinit        000000
__Hclrtext               clrtext      000000
__Hcomram                comram       000000
__Hconfig                config       300004
__Hconst                 const        000000
__HcstackCOMRAM          cstackCOMRAM 000000
__Hdata                  data         000000
__Heeprom_data           eeprom_data  000000
__Hfarbss                farbss       000000
__Hfardata               fardata      000000
__Hheap                  heap         000000
__Hibigdata              ibigdata     000000
__Hidata                 idata        000000
__Hidloc                 idloc        000000
__Hifardata              ifardata     000000
__Hinit                  init         000004
__Hintcode               intcode      000000
__Hintcode_body          intcode_body 000000
__Hintcodelo             intcodelo    000000
__Hintentry              intentry     000000
__Hintret                intret       000000
__Hintsave_regs          intsave_regs 000000
__Hirdata                irdata       000000
__Hmediumconst           mediumconst  000000
__HnvFARRAM              nvFARRAM     000000
__Hnvbit                 nvbit        000000
__Hnvrram                nvrram       000000
__Hparam                 rparam       000000
__Hpowerup               powerup      000000
__Hram                   ram          000000
__Hramtop                ramtop       000800
__Hrbit                  rbit         000000
__Hrbss                  rbss         000000
__Hrdata                 rdata        000000
__Hreset_vec             reset_vec    000000
__Hrparam                rparam       000000
__Hsfr                   sfr          000000
__Hsmallconst            smallconst   000808
__Hspace_0               (abs)        000B72
__Hspace_1               (abs)        00000E
__Hspace_2               (abs)        000000
__Hspace_4               (abs)        600006
__Hstack                 stack        000000
__Hstruct                struct       000000
__Htemp                  temp         000000
__Htext                  text         000000
__Htext0                 text0        000000
__Htext1                 text1        000000
__Htext10                text10       000000
__Htext11                text11       000000
__Htext2                 text2        000000
__Htext3                 text3        000000
__Htext4                 text4        000000
__Htext5                 text5        000000
__Htext6                 text6        000000
__Htext7                 text7        000000
__Htext8                 text8        000000
__Htext9                 text9        000000
__LRAM                   (abs)        000001
__L__absolute__          __absolute__ 000000
__Labs1                  abs1         000000
__Lbank0                 bank0        000000
__Lbank1                 bank1        000000
__Lbank2                 bank2        000000
__Lbank3                 bank3        000000
__Lbank4                 bank4        000000
__Lbank5                 bank5        000000
__Lbank6                 bank6        000000
__Lbank7                 bank7        000000
__Lbigbss                bigbss       000000
__Lbigdata               bigdata      000000
__Lbigram                bigram       000000
__Lbigsfr                bigsfr       000000
__Lbss                   bss          000000
__Lcinit                 cinit        000000
__Lclrtext               clrtext      000000
__Lcomram                comram       000000
__Lconfig                config       000000
__Lconst                 const        000000
__LcstackCOMRAM          cstackCOMRAM 000000
__Ldata                  data         000000
__Leeprom_data           eeprom_data  000000
__Lfarbss                farbss       000000
__Lfardata               fardata      000000
__Lheap                  heap         000000
__Libigdata              ibigdata     000000
__Lidata                 idata        000000
__Lidloc                 idloc        000000
__Lifardata              ifardata     000000
__Linit                  init         000000
__Lintcode               intcode      000000
__Lintcode_body          intcode_body 000000
__Lintcodelo             intcodelo    000000
__Lintentry              intentry     000000
__Lintret                intret       000000
__Lintsave_regs          intsave_regs 000000
__Lirdata                irdata       000000
__Lmediumconst           mediumconst  000000
__LnvFARRAM              nvFARRAM     000000
__Lnvbit                 nvbit        000000
__Lnvrram                nvrram       000000
__Lparam                 rparam       000000
__Lpowerup               powerup      000000
__Lram                   ram          000000
__Lramtop                ramtop       000800
__Lrbit                  rbit         000000
__Lrbss                  rbss         000000
__Lrdata                 rdata        000000
__Lreset_vec             reset_vec    000000
__Lrparam                rparam       000000
__Lsfr                   sfr          000000
__Lsmallconst            smallconst   000800
__Lspace_0               (abs)        000000
__Lspace_1               (abs)        000000
__Lspace_2               (abs)        000000
__Lspace_4               (abs)        000000
__Lstack                 stack        000000
__Lstruct                struct       000000
__Ltemp                  temp         000000
__Ltext                  text         000000
__Ltext0                 text0        000000
__Ltext1                 text1        000000
__Ltext10                text10       000000
__Ltext11                text11       000000
__Ltext2                 text2        000000
__Ltext3                 text3        000000
__Ltext4                 text4        000000
__Ltext5                 text5        000000
__Ltext6                 text6        000000
__Ltext7                 text7        000000
__Ltext8                 text8        000000
__Ltext9                 text9        000000
__S0                     (abs)        000B72
__S1                     (abs)        00000E
__S4                     (abs)        000000
__S5                     (abs)        000000
___heap_hi               (abs)        000000
___heap_lo               (abs)        000000
___inthi_sp              stack        000000
___inthi_stack_hi        stack        000000
___inthi_stack_lo        stack        000000
___intlo_sp              stack        000000
___intlo_stack_hi        stack        000000
___intlo_stack_lo        stack        000000
___param_bank            (abs)        000000
___rparam_used           (abs)        000001
___sp                    stack        000000
___stack_hi              stack        000000
___stack_lo              stack        000000
__accesstop              (abs)        000060
__activetblptr           (abs)        000001
__end_of__initialization cinit        000B44
__end_of_lcd_char        text6        000902
__end_of_lcd_clear       text9        000B60
__end_of_lcd_cmd         text10       000B44
__end_of_lcd_init        text8        000A3E
__end_of_lcd_set_bit     text11       000A9A
__end_of_lcd_set_cursor  text7        0009DC
__end_of_lcd_string      text5        000B24
__end_of_main            text0        000AE2
__end_of_test            text4        000B6A
__end_of_uart_init       text3        000B72
__end_of_uart_read       text2        000886
__end_of_uart_write      text1        000976
__initialization         cinit        000B44
__mediumconst            mediumconst  000000
__pcinit                 cinit        000B44
__pcstackCOMRAM          cstackCOMRAM 000001
__psmallconst            smallconst   000800
__ptext0                 text0        000A9A
__ptext1                 text1        000902
__ptext10                text10       000B24
__ptext11                text11       000A3E
__ptext2                 text2        000808
__ptext3                 text3        000B6A
__ptext4                 text4        000B60
__ptext5                 text5        000AE2
__ptext6                 text6        000886
__ptext7                 text7        000976
__ptext8                 text8        0009DC
__ptext9                 text9        000B52
__ramtop                 ramtop       000800
__smallconst             smallconst   000800
_lcd_char                text6        000886
_lcd_clear               text9        000B52
_lcd_cmd                 text10       000B24
_lcd_init                text8        0009DC
_lcd_set_bit             text11       000A3E
_lcd_set_cursor          text7        000976
_lcd_string              text5        000AE2
_main                    text0        000A9A
_test                    text4        000B60
_uart_init               text3        000B6A
_uart_read               text2        000808
_uart_write              text1        000902
end_of_initialization    cinit        000B44
intlevel0                text         000000
intlevel1                text         000000
intlevel2                text         000000
intlevel3                text         000000
isa$std                  (abs)        000001
isa$xinst                (abs)        000000
lcd_char@Lower_Nibble    cstackCOMRAM 000002
lcd_char@Upper_Nibble    cstackCOMRAM 000003
lcd_char@data            cstackCOMRAM 000008
lcd_char@i               cstackCOMRAM 000004
lcd_char@i_229           cstackCOMRAM 000006
lcd_cmd@a                cstackCOMRAM 000003
lcd_set_bit@data_bit     cstackCOMRAM 000001
lcd_set_cursor@a         cstackCOMRAM 000005
lcd_set_cursor@b         cstackCOMRAM 000004
lcd_set_cursor@temp      cstackCOMRAM 000008
lcd_set_cursor@y         cstackCOMRAM 000007
lcd_set_cursor@z         cstackCOMRAM 000006
lcd_string@a             cstackCOMRAM 000009
lcd_string@i             cstackCOMRAM 00000B
main@x                   cstackCOMRAM 00000D
stackhi                  (abs)        000000
stacklo                  (abs)        000000
start                    init         000000
start_initialization     cinit        000B44
test@s                   cstackCOMRAM 000009
uart_read@data           cstackCOMRAM 000003
uart_read@i              cstackCOMRAM 000004
uart_write@data          cstackCOMRAM 000003
uart_write@i             cstackCOMRAM 000004


MODULE INFORMATION

Module		Function		Class		Link	Load	Size
rx_main.c
		_main          		CODE           	0A9A	0000	72

rx_main.c estimated size: 72

./lcd.h
		_lcd_cmd       		CODE           	0B24	0000	32
		_lcd_set_bit   		CODE           	0A3E	0000	92
		_lcd_char      		CODE           	0886	0000	124
		_test          		CODE           	0B60	0000	10
		_lcd_set_cursor		CODE           	0976	0000	102
		_lcd_clear     		CODE           	0B52	0000	14
		_lcd_string    		CODE           	0AE2	0000	66
		_lcd_init      		CODE           	09DC	0000	98

./lcd.h estimated size: 538

shared
		__initialization		CODE           	0B44	0000	1

shared estimated size: 1

./soft_uart.h
		_uart_write    		CODE           	0902	0000	116
		_uart_read     		CODE           	0808	0000	126
		_uart_init     		CODE           	0B6A	0000	8

./soft_uart.h estimated size: 250

