Microchip MPLAB XC8 Compiler V2.45

Linker command line:

-W-3 \
  --edf=C:\Program Files\Microchip\xc8\v2.45\pic\dat\20230818022343_en.msgs \
  -cn -h+dist/default/debug\RX_UART.debug.sym \
  --cmf=dist/default/debug\RX_UART.debug.cmf -z -Q18F4550 \
  -oC:\Users\josep\AppData\Local\Temp\xcAs156ms.\driver_tmp_3.o \
  --defsym=__MPLAB_BUILD=1 --fixupoverflow=error \
  -Mdist/default/debug/RX_UART.debug.map \
  --md=C:\Users\josep\AppData\Local\Temp\xcAs156ms.\driver_tmp_0.dat -E1 \
  -ver=XC8 Compiler --acfsm=1493 -ACODE=00h-07FFFh -ACONST=00h-07FFFh \
  -ASMALLCONST=0800h-08FFhx120 -AMEDIUMCONST=0800h-07FFFh -ACOMRAM=01h-05Fh \
  -AABS1=00h-07FFh -ABIGRAM=01h-07FFh -ARAM=060h-0FFh,0100h-01FFhx7 \
  -ABANK0=060h-0FFh -ABANK1=0100h-01FFh -ABANK2=0200h-02FFh \
  -ABANK3=0300h-03FFh -ABANK4=0400h-04FFh -ABANK5=0500h-05FFh \
  -ABANK6=0600h-06FFh -ABANK7=0700h-07FFh -ASFR=0F60h-0FFFh \
  -ABIGSFR=0F60h-0FFFh -ACONFIG=0300000h-030000Dh -AIDLOC=0200000h-0200007h \
  -AEEDATA=0F00000h-0F000FFh -peeprom_data=EEDATA \
  -preset_vec=00h,intcode=08h,intcodelo,powerup,init -pramtop=0800h \
  -psmallconst=SMALLCONST -pmediumconst=MEDIUMCONST -pconst=CONST \
  -AFARRAM=00h-00h \
  -prdata=COMRAM,nvrram=COMRAM,nvbit=COMRAM,rbss=COMRAM,rbit=COMRAM \
  -pfarbss=FARRAM,fardata=FARRAM,nvFARRAM=FARRAM \
  -pintsave_regs=BIGRAM,bigbss=BIGRAM,bigdata=BIGRAM -pbss=RAM \
  -pidata=CODE,irdata=CODE,ibigdata=CODE,ifardata=CODE -prparam=COMRAM \
  C:\Users\josep\AppData\Local\Temp\xcAs156ms.\driver_tmp_9.o \
  dist/default/debug\RX_UART.debug.o 

Object code version is 3.11

Machine type is 18F4550



                Name                               Link     Load   Length Selector   Space Scale
C:\Users\josep\AppData\Local\Temp\xcAs156ms.\driver_tmp_9.o
                config                           300002   300002        2        0       4
                init                                  E        E        4        4       0
                reset_vec                             0        0        4        0       0
dist/default/debug\RX_UART.debug.o
                intcode                               8        8        6        4       0
                config                           300002   300002        2        0       4
                temp                                 52       52        1        1       1
                smallconst                          800      800        8      400       0
                text28                             2F6C     2F6C       5C      404       0
                text27                             2CF0     2CF0       7C      404       0
                text26                             31C8     31C8        A      404       0
                text25                             2DDA     2DDA       6E      404       0
                intcode_body                       30A8     30A8       48      404       0
                text23                             2F10     2F10       5C      404       0
                text22                             3190     3190       20      404       0
                text21                             31B0     31B0        E      404       0
                text20                             2EAE     2EAE       62      404       0
                text19                             2E48     2E48       66      404       0
                text18                             2C74     2C74       7C      404       0
                text17                             30F0     30F0       42      404       0
                text16                             31BE     31BE        A      404       0
                text15                             21D2     21D2      39A      404       0
                text14                             2B48     2B48       AA      404       0
                text13                             1DA8     1DA8      42A      404       0
                text12                             18E6     18E6      4C2      404       0
                text11                             3060     3060       48      404       0
                text10                             283E     283E      108      404       0
                text9                              256C     256C      1B4      404       0
                text8                              3132     3132       36      404       0
                text7                              2946     2946      104      404       0
                text6                              2A4A     2A4A       FE      404       0
                text5                              2FC8     2FC8       50      404       0
                text4                              2720     2720      11E      404       0
                text3                               808      808     10DE      404       0
                text2                              2D6C     2D6C       6E      404       0
                text1                              3018     3018       48      404       0
                text0                              2BF2     2BF2       82      404       0
                cstackCOMRAM                          1        1       49        1       1
                cstackBANK0                          60       60       61       60       1
                bssBANK0                             C1       C1        4       60       1
                bssCOMRAM                            4A       4A        8        1       1
                cinit                              3168     3168       28      404       0

TOTAL           Name                               Link     Load   Length     Space
        CLASS   CODE           
                intcode                               8        8        6         0
                init                                  E        E        4         0
                reset_vec                             0        0        4         0
                text28                             2F6C     2F6C       5C         0
                text27                             2CF0     2CF0       7C         0
                text26                             31C8     31C8        A         0
                text25                             2DDA     2DDA       6E         0
                intcode_body                       30A8     30A8       48         0
                text23                             2F10     2F10       5C         0
                text22                             3190     3190       20         0
                text21                             31B0     31B0        E         0
                text20                             2EAE     2EAE       62         0
                text19                             2E48     2E48       66         0
                text18                             2C74     2C74       7C         0
                text17                             30F0     30F0       42         0
                text16                             31BE     31BE        A         0
                text15                             21D2     21D2      39A         0
                text14                             2B48     2B48       AA         0
                text13                             1DA8     1DA8      42A         0
                text12                             18E6     18E6      4C2         0
                text11                             3060     3060       48         0
                text10                             283E     283E      108         0
                text9                              256C     256C      1B4         0
                text8                              3132     3132       36         0
                text7                              2946     2946      104         0
                text6                              2A4A     2A4A       FE         0
                text5                              2FC8     2FC8       50         0
                text4                              2720     2720      11E         0
                text3                               808      808     10DE         0
                text2                              2D6C     2D6C       6E         0
                text1                              3018     3018       48         0
                text0                              2BF2     2BF2       82         0
                cinit                              3168     3168       28         0

        CLASS   CONST          

        CLASS   SMALLCONST     
                smallconst                          800      800        8         0

        CLASS   MEDIUMCONST    

        CLASS   COMRAM         
                temp                                 52       52        1         1
                cstackCOMRAM                          1        1       49         1
                bssCOMRAM                            4A       4A        8         1

        CLASS   ABS1           

        CLASS   BIGRAM         

        CLASS   RAM            

        CLASS   BANK0          
                cstackBANK0                          60       60       61         1
                bssBANK0                             C1       C1        4         1

        CLASS   BANK1          

        CLASS   BANK2          

        CLASS   BANK3          

        CLASS   BANK4          

        CLASS   BANK5          

        CLASS   BANK6          

        CLASS   BANK7          

        CLASS   SFR            

        CLASS   BIGSFR         

        CLASS   CONFIG         
                config                           300002   300002        2         4

        CLASS   IDLOC          

        CLASS   EEDATA         

        CLASS   FARRAM         

        CLASS   HEAP           

        CLASS   STACK          



SEGMENTS        Name                           Load    Length   Top    Selector   Space  Class

                reset_vec                      000000  000004  000004         0       0  CODE    
                cstackCOMRAM                   000001  000052  000053         1       1  COMRAM  
                intcode                        000008  00000A  000012         4       0  CODE    
                cstackBANK0                    000060  000065  0000C5        60       1  BANK0   
                smallconst                     000800  000008  000808       400       0  SMALLCON
                text3                          000808  0029CA  0031D2       404       0  CODE    


UNUSED ADDRESS RANGES

        Name                Unused          Largest block    Delta
        BANK0            0000C5-0000FF               3B
        BANK1            000100-0001FF              100
        BANK2            000200-0002FF              100
        BANK3            000300-0003FF              100
        BANK4            000400-0004FF              100
        BANK5            000500-0005FF              100
        BANK6            000600-0006FF              100
        BANK7            000700-0007FF              100
        BIGRAM           000053-00005F                D
                         0000C5-0007FF              73B
        BIGSFR           000F60-000FFF               A0
        CODE             000004-000007                4
                         000012-0007FF              7EE
                         0031D2-007FFF             4E2E
        COMRAM           000053-00005F                D
        CONFIG           300000-300001                2
                         300004-30000D                A
        CONST            000004-000007                4
                         000012-0007FF              7EE
                         0031D2-007FFF             4E2E
        EEDATA           F00000-F000FF              100
        IDLOC            200000-200007                8
        MEDIUMCONST      0031D2-007FFF             4E2E
        RAM              0000C5-0007FF              100
        SFR              000F60-000FFF               A0
        SMALLCONST       0031D2-007FFF              100

                                  Symbol Table

?___fladd                 cstackCOMRAM 000040
?___fldiv                 cstackCOMRAM 000027
?___flmul                 cstackCOMRAM 00000E
?___flsub                 cstackBANK0  000068
?___fltol                 cstackBANK0  000068
?___fpclassifyf           cstackCOMRAM 00000E
?___signbitf              cstackCOMRAM 00000E
?___xxtofl                cstackCOMRAM 00000E
?_fabsf                   cstackBANK0  000070
?_fminf                   cstackCOMRAM 00001C
?_uart_read               cstackCOMRAM 00000E
?i2_uart_read             cstackCOMRAM 000001
_BRG16                    (abs)        007DC3
_BRGH                     (abs)        007D62
_CREN                     (abs)        007D5C
_FERR                     (abs)        007D5A
_GIE                      (abs)        007F97
_LATD                     (abs)        000F8C
_LATDbits                 (abs)        000F8C
_OERR                     (abs)        007D59
_PEIE                     (abs)        007F96
_RCEN                     (abs)        007E2B
_RCIE                     (abs)        007CED
_RCIF                     (abs)        007CF5
_RCREG                    (abs)        000FAE
_RX9                      (abs)        007D5E
_RX9D                     (abs)        007D58
_RXDTP                    (abs)        007DC5
_SPBRG                    (abs)        000FAF
_SPBRGH                   (abs)        000FB0
_SPEN                     (abs)        007D5F
_SYNC                     (abs)        007D64
_TRISCbits                (abs)        000F94
_TRISD                    (abs)        000F95
_TRMT                     (abs)        007D61
_TX9                      (abs)        007D66
_TX9D                     (abs)        007D60
_TXCKP                    (abs)        007DC4
_TXEN                     (abs)        007D65
_TXIE                     (abs)        007CEC
_TXIF                     (abs)        007CF4
_TXREG                    (abs)        000FAD
__HRAM                    (abs)        000000
__H__absolute__           __absolute__ 000000
__Habs1                   abs1         000000
__Hbank0                  bank0        000000
__Hbank1                  bank1        000000
__Hbank2                  bank2        000000
__Hbank3                  bank3        000000
__Hbank4                  bank4        000000
__Hbank5                  bank5        000000
__Hbank6                  bank6        000000
__Hbank7                  bank7        000000
__Hbigbss                 bigbss       000000
__Hbigdata                bigdata      000000
__Hbigram                 bigram       000000
__Hbigsfr                 bigsfr       000000
__Hbss                    bss          000000
__HbssBANK0               bssBANK0     000000
__HbssCOMRAM              bssCOMRAM    000000
__Hcinit                  cinit        000000
__Hclrtext                clrtext      000000
__Hcomram                 comram       000000
__Hconfig                 config       300004
__Hconst                  const        000000
__HcstackBANK0            cstackBANK0  000000
__HcstackCOMRAM           cstackCOMRAM 000000
__Hdata                   data         000000
__Heeprom_data            eeprom_data  000000
__Hfarbss                 farbss       000000
__Hfardata                fardata      000000
__Hheap                   heap         000000
__Hibigdata               ibigdata     000000
__Hidata                  idata        000000
__Hidloc                  idloc        000000
__Hifardata               ifardata     000000
__Hinit                   init         000012
__Hintcode                intcode      00000E
__Hintcode_body           intcode_body 000000
__Hintcodelo              intcodelo    00000E
__Hintentry               intentry     000000
__Hintret                 intret       000000
__Hintsave_regs           intsave_regs 000000
__Hirdata                 irdata       000000
__Hmediumconst            mediumconst  000000
__HnvFARRAM               nvFARRAM     000000
__Hnvbit                  nvbit        000000
__Hnvrram                 nvrram       000000
__Hparam                  rparam       000000
__Hpowerup                powerup      00000E
__Hram                    ram          000000
__Hramtop                 ramtop       000800
__Hrbit                   rbit         000000
__Hrbss                   rbss         000000
__Hrdata                  rdata        000000
__Hreset_vec              reset_vec    000004
__Hrparam                 rparam       000000
__Hsfr                    sfr          000000
__Hsmallconst             smallconst   000808
__Hspace_0                (abs)        0031D2
__Hspace_1                (abs)        0000C5
__Hspace_2                (abs)        000000
__Hspace_4                (abs)        600006
__Hstack                  stack        000000
__Hstruct                 struct       000000
__Htemp                   temp         000053
__Htext                   text         000000
__Htext0                  text0        000000
__Htext1                  text1        000000
__Htext10                 text10       000000
__Htext11                 text11       000000
__Htext12                 text12       000000
__Htext13                 text13       000000
__Htext14                 text14       000000
__Htext15                 text15       000000
__Htext16                 text16       000000
__Htext17                 text17       000000
__Htext18                 text18       000000
__Htext19                 text19       000000
__Htext2                  text2        000000
__Htext20                 text20       000000
__Htext21                 text21       000000
__Htext22                 text22       000000
__Htext23                 text23       000000
__Htext25                 text25       000000
__Htext26                 text26       000000
__Htext27                 text27       000000
__Htext28                 text28       000000
__Htext3                  text3        000000
__Htext4                  text4        000000
__Htext5                  text5        000000
__Htext6                  text6        000000
__Htext7                  text7        000000
__Htext8                  text8        000000
__Htext9                  text9        000000
__LRAM                    (abs)        000001
__L__absolute__           __absolute__ 000000
__Labs1                   abs1         000000
__Lbank0                  bank0        000000
__Lbank1                  bank1        000000
__Lbank2                  bank2        000000
__Lbank3                  bank3        000000
__Lbank4                  bank4        000000
__Lbank5                  bank5        000000
__Lbank6                  bank6        000000
__Lbank7                  bank7        000000
__Lbigbss                 bigbss       000000
__Lbigdata                bigdata      000000
__Lbigram                 bigram       000000
__Lbigsfr                 bigsfr       000000
__Lbss                    bss          000000
__LbssBANK0               bssBANK0     000000
__LbssCOMRAM              bssCOMRAM    000000
__Lcinit                  cinit        000000
__Lclrtext                clrtext      000000
__Lcomram                 comram       000000
__Lconfig                 config       000000
__Lconst                  const        000000
__LcstackBANK0            cstackBANK0  000000
__LcstackCOMRAM           cstackCOMRAM 000000
__Ldata                   data         000000
__Leeprom_data            eeprom_data  000000
__Lfarbss                 farbss       000000
__Lfardata                fardata      000000
__Lheap                   heap         000000
__Libigdata               ibigdata     000000
__Lidata                  idata        000000
__Lidloc                  idloc        000000
__Lifardata               ifardata     000000
__Linit                   init         00000E
__Lintcode                intcode      000008
__Lintcode_body           intcode_body 000000
__Lintcodelo              intcodelo    00000E
__Lintentry               intentry     000000
__Lintret                 intret       000000
__Lintsave_regs           intsave_regs 000000
__Lirdata                 irdata       000000
__Lmediumconst            mediumconst  000000
__LnvFARRAM               nvFARRAM     000000
__Lnvbit                  nvbit        000000
__Lnvrram                 nvrram       000000
__Lparam                  rparam       000000
__Lpowerup                powerup      00000E
__Lram                    ram          000000
__Lramtop                 ramtop       000800
__Lrbit                   rbit         000000
__Lrbss                   rbss         000000
__Lrdata                  rdata        000000
__Lreset_vec              reset_vec    000000
__Lrparam                 rparam       000000
__Lsfr                    sfr          000000
__Lsmallconst             smallconst   000800
__Lspace_0                (abs)        000000
__Lspace_1                (abs)        000000
__Lspace_2                (abs)        000000
__Lspace_4                (abs)        000000
__Lstack                  stack        000000
__Lstruct                 struct       000000
__Ltemp                   temp         000052
__Ltext                   text         000000
__Ltext0                  text0        000000
__Ltext1                  text1        000000
__Ltext10                 text10       000000
__Ltext11                 text11       000000
__Ltext12                 text12       000000
__Ltext13                 text13       000000
__Ltext14                 text14       000000
__Ltext15                 text15       000000
__Ltext16                 text16       000000
__Ltext17                 text17       000000
__Ltext18                 text18       000000
__Ltext19                 text19       000000
__Ltext2                  text2        000000
__Ltext20                 text20       000000
__Ltext21                 text21       000000
__Ltext22                 text22       000000
__Ltext23                 text23       000000
__Ltext25                 text25       000000
__Ltext26                 text26       000000
__Ltext27                 text27       000000
__Ltext28                 text28       000000
__Ltext3                  text3        000000
__Ltext4                  text4        000000
__Ltext5                  text5        000000
__Ltext6                  text6        000000
__Ltext7                  text7        000000
__Ltext8                  text8        000000
__Ltext9                  text9        000000
__S0                      (abs)        0031D2
__S1                      (abs)        0000C5
__S4                      (abs)        000000
__S5                      (abs)        000000
___fladd                  text12       0018E6
___fladd@a                cstackCOMRAM 000044
___fladd@aexp             cstackBANK0  000065
___fladd@b                cstackCOMRAM 000040
___fladd@bexp             cstackBANK0  000066
___fladd@grs              cstackBANK0  000067
___fladd@signs            cstackBANK0  000064
___fldiv                  text15       0021D2
___fldiv@a                cstackCOMRAM 00002B
___fldiv@aexp             cstackCOMRAM 00003F
___fldiv@b                cstackCOMRAM 000027
___fldiv@bexp             cstackCOMRAM 00003E
___fldiv@grs              cstackCOMRAM 00003A
___fldiv@new_exp          cstackCOMRAM 000038
___fldiv@rem              cstackCOMRAM 000033
___fldiv@sign             cstackCOMRAM 000037
___fleq                   text14       002B48
___fleq@ff1               cstackCOMRAM 00000E
___fleq@ff2               cstackCOMRAM 000012
___flge                   text7        002946
___flge@ff1               cstackCOMRAM 00000E
___flge@ff2               cstackCOMRAM 000012
___flmul                  text13       001DA8
___flmul@a                cstackCOMRAM 000012
___flmul@aexp             cstackCOMRAM 00001F
___flmul@b                cstackCOMRAM 00000E
___flmul@bexp             cstackCOMRAM 000020
___flmul@grs              cstackCOMRAM 00001B
___flmul@prod             cstackCOMRAM 000021
___flmul@sign             cstackCOMRAM 00001A
___flmul@temp             cstackCOMRAM 000025
___flsub                  text11       003060
___flsub@a                cstackBANK0  00006C
___flsub@b                cstackBANK0  000068
___fltol                  text10       00283E
___fltol@exp1             cstackCOMRAM 000049
___fltol@f1               cstackBANK0  000068
___fltol@sign1            cstackCOMRAM 000048
___fpclassifyf            text6        002A4A
___fpclassifyf@F465       bssCOMRAM    00004E
___fpclassifyf@e          cstackCOMRAM 000016
___fpclassifyf@u          cstackCOMRAM 000018
___fpclassifyf@x          cstackCOMRAM 00000E
___heap_hi                (abs)        000000
___heap_lo                (abs)        000000
___inthi_sp               stack        000000
___inthi_stack_hi         stack        000000
___inthi_stack_lo         stack        000000
___intlo_sp               stack        000000
___intlo_stack_hi         stack        000000
___intlo_stack_lo         stack        000000
___param_bank             (abs)        000000
___rparam_used            (abs)        000001
___signbitf               text5        002FC8
___signbitf@F521          bssCOMRAM    00004A
___signbitf@x             cstackCOMRAM 00000E
___signbitf@y             cstackCOMRAM 000016
___sp                     stack        000000
___stack_hi               stack        000000
___stack_lo               stack        000000
___xxtofl                 text9        00256C
___xxtofl@arg             cstackCOMRAM 000018
___xxtofl@exp             cstackCOMRAM 000017
___xxtofl@sign            cstackCOMRAM 000016
___xxtofl@val             cstackCOMRAM 00000E
__accesstop               (abs)        000060
__activetblptr            (abs)        000001
__end_of___fladd          text12       001DA8
__end_of___fldiv          text15       00256C
__end_of___fleq           text14       002BF2
__end_of___flge           text7        002A4A
__end_of___flmul          text13       0021D2
__end_of___flsub          text11       0030A8
__end_of___fltol          text10       002946
__end_of___fpclassifyf    text6        002B48
__end_of___signbitf       text5        003018
__end_of___xxtofl         text9        002720
__end_of__initialization  cinit        00317E
__end_of_fabsf            text8        003168
__end_of_fminf            text4        00283E
__end_of_lcd_char         text18       002CF0
__end_of_lcd_clear        text21       0031BE
__end_of_lcd_cmd          text22       0031B0
__end_of_lcd_init         text20       002F10
__end_of_lcd_set_bit      text23       002F6C
__end_of_lcd_set_cursor   text19       002EAE
__end_of_lcd_string       text17       003132
__end_of_low_isr          intcode_body 0030F0
__end_of_main             text0        002C74
__end_of_test             text16       0031C8
__end_of_uart_init        text3        0018E6
__end_of_uart_read        text2        002DDA
__end_of_uart_read_buffer text1        003060
__end_ofi2_lcd_char       text27       002D6C
__end_ofi2_lcd_set_bit    text28       002FC8
__end_ofi2_test           text26       0031D2
__end_ofi2_uart_read      text25       002E48
__initialization          cinit        003168
__mediumconst             mediumconst  000000
__pbssBANK0               bssBANK0     0000C1
__pbssCOMRAM              bssCOMRAM    00004A
__pcinit                  cinit        003168
__pcstackBANK0            cstackBANK0  000060
__pcstackCOMRAM           cstackCOMRAM 000001
__pintcode                intcode      000008
__pintcode_body           intcode_body 0030A8
__psmallconst             smallconst   000800
__ptext0                  text0        002BF2
__ptext1                  text1        003018
__ptext10                 text10       00283E
__ptext11                 text11       003060
__ptext12                 text12       0018E6
__ptext13                 text13       001DA8
__ptext14                 text14       002B48
__ptext15                 text15       0021D2
__ptext16                 text16       0031BE
__ptext17                 text17       0030F0
__ptext18                 text18       002C74
__ptext19                 text19       002E48
__ptext2                  text2        002D6C
__ptext20                 text20       002EAE
__ptext21                 text21       0031B0
__ptext22                 text22       003190
__ptext23                 text23       002F10
__ptext25                 text25       002DDA
__ptext26                 text26       0031C8
__ptext27                 text27       002CF0
__ptext28                 text28       002F6C
__ptext3                  text3        000808
__ptext4                  text4        002720
__ptext5                  text5        002FC8
__ptext6                  text6        002A4A
__ptext7                  text7        002946
__ptext8                  text8        003132
__ptext9                  text9        00256C
__ramtop                  ramtop       000800
__smallconst              smallconst   000800
_fabsf                    text8        003132
_fminf                    text4        002720
_lcd_char                 text18       002C74
_lcd_clear                text21       0031B0
_lcd_cmd                  text22       003190
_lcd_init                 text20       002EAE
_lcd_set_bit              text23       002F10
_lcd_set_cursor           text19       002E48
_lcd_string               text17       0030F0
_low_isr                  intcode      000008
_main                     text0        002BF2
_test                     text16       0031BE
_uart_init                text3        000808
_uart_init$919            cstackBANK0  0000AD
_uart_init$920            cstackBANK0  00007C
_uart_read                text2        002D6C
_uart_read$208            cstackCOMRAM 000010
_uart_read_buffer         text1        003018
btemp                     temp         000052
end_of_initialization     cinit        00317E
fabsf@F465                bssBANK0     0000C1
fabsf@u                   cstackBANK0  000074
fabsf@x                   cstackBANK0  000070
fminf@x                   cstackCOMRAM 00001C
fminf@y                   cstackCOMRAM 000020
i2_lcd_char               text27       002CF0
i2_lcd_set_bit            text28       002F6C
i2_test                   text26       0031C8
i2_uart_read              text25       002DDA
i2_uart_read$208          cstackCOMRAM 000003
i2lcd_char@Lower_Nibble   cstackCOMRAM 000002
i2lcd_char@Upper_Nibble   cstackCOMRAM 000003
i2lcd_char@data           cstackCOMRAM 000004
i2lcd_char@i              cstackCOMRAM 000005
i2lcd_char@i_173          cstackCOMRAM 000007
i2lcd_set_bit@data_bit    cstackCOMRAM 000001
i2test@s                  cstackCOMRAM 000009
i2uart_read@receivedData  cstackCOMRAM 000005
int$flags                 temp         000052
int_func                  intcode_body 0030A8
intlevel0                 text         000000
intlevel1                 text         000000
intlevel2                 text         000000
intlevel3                 text         000000
isa$std                   (abs)        000001
isa$xinst                 (abs)        000000
lcd_char@Lower_Nibble     cstackCOMRAM 00000F
lcd_char@Upper_Nibble     cstackCOMRAM 000010
lcd_char@data             cstackCOMRAM 000011
lcd_char@i                cstackCOMRAM 000012
lcd_char@i_173            cstackCOMRAM 000014
lcd_cmd@a                 cstackCOMRAM 000010
lcd_set_bit@data_bit      cstackCOMRAM 00000E
lcd_set_cursor@a          cstackCOMRAM 000012
lcd_set_cursor@b          cstackCOMRAM 000011
lcd_set_cursor@temp       cstackCOMRAM 000015
lcd_set_cursor@y          cstackCOMRAM 000014
lcd_set_cursor@z          cstackCOMRAM 000013
lcd_string@a              cstackCOMRAM 000016
lcd_string@i              cstackCOMRAM 000018
low_isr@payload           cstackCOMRAM 00000C
main@i                    cstackBANK0  0000BF
main@payload              cstackBANK0  0000B5
stackhi                   (abs)        000000
stacklo                   (abs)        000000
start                     init         00000E
start_initialization      cinit        003168
test@s                    cstackCOMRAM 000016
ttemp5                    temp         000053
ttemp6                    temp         000056
ttemp7                    temp         00005A
uart_init@baudrate        cstackBANK0  0000B1
uart_init@config          cstackBANK0  0000A8
uart_init@e1              cstackBANK0  000088
uart_init@e11             cstackBANK0  000080
uart_init@e2              cstackBANK0  000094
uart_init@e22             cstackBANK0  00008C
uart_init@e3              cstackBANK0  00009C
uart_init@e33             cstackBANK0  000098
uart_init@frequency       cstackBANK0  0000A9
uart_init@min             cstackBANK0  000084
uart_init@x               cstackBANK0  000090
uart_init@y               cstackBANK0  0000A0
uart_init@z               cstackBANK0  0000A4
uart_read@receivedData    cstackCOMRAM 000012
uart_read_buffer@buffer   cstackCOMRAM 000013
uart_read_buffer@i        cstackCOMRAM 000017
uart_read_buffer@length   cstackCOMRAM 000014
wtemp8                    temp         000053


MODULE INFORMATION

Module		Function		Class		Link	Load	Size
C:\Program Files\Microchip\xc8\v2.45\pic\sources\c99\common\__signbitf.c
		___signbitf    		CODE           	2FC8	0000	80

C:\Program Files\Microchip\xc8\v2.45\pic\sources\c99\common\__signbitf.c estimated size: 80

C:\Program Files\Microchip\xc8\v2.45\pic\sources\c99\common\fleq.c
		___fleq        		CODE           	2B48	0000	170

C:\Program Files\Microchip\xc8\v2.45\pic\sources\c99\common\fleq.c estimated size: 170

rx_main.c
		_main          		CODE           	2BF2	0000	130
		_low_isr       		CODE           	0008	0000	78

rx_main.c estimated size: 208

./lcd.h
		_lcd_cmd       		CODE           	3190	0000	32
		_lcd_set_bit   		CODE           	2F10	0000	92
		_lcd_char      		CODE           	2C74	0000	124
		_test          		CODE           	31BE	0000	10
		_lcd_set_cursor		CODE           	2E48	0000	102
		_lcd_clear     		CODE           	31B0	0000	14
		_lcd_string    		CODE           	30F0	0000	66
		_lcd_init      		CODE           	2EAE	0000	98

./lcd.h estimated size: 538

C:\Program Files\Microchip\xc8\v2.45\pic\sources\c99\common\fabsf.c
		_fabsf         		CODE           	3132	0000	54

C:\Program Files\Microchip\xc8\v2.45\pic\sources\c99\common\fabsf.c estimated size: 54

C:\Program Files\Microchip\xc8\v2.45\pic\sources\c99\common\fminf.c
		_fminf         		CODE           	2720	0000	286

C:\Program Files\Microchip\xc8\v2.45\pic\sources\c99\common\fminf.c estimated size: 286

./uart.h
		_uart_read     		CODE           	2D6C	0000	110
		_uart_init     		CODE           	0808	0000	4318
		_uart_read_buffer		CODE           	3018	0000	72

./uart.h estimated size: 4500

C:\Program Files\Microchip\xc8\v2.45\pic\sources\c99\common\sprcmul.c
		___flmul       		CODE           	1DA8	0000	1066

C:\Program Files\Microchip\xc8\v2.45\pic\sources\c99\common\sprcmul.c estimated size: 1066

C:\Program Files\Microchip\xc8\v2.45\pic\sources\c99\common\sprcdiv.c
		___fldiv       		CODE           	21D2	0000	922

C:\Program Files\Microchip\xc8\v2.45\pic\sources\c99\common\sprcdiv.c estimated size: 922

C:\Program Files\Microchip\xc8\v2.45\pic\sources\c99\common\flge.c
		___flge        		CODE           	2946	0000	260

C:\Program Files\Microchip\xc8\v2.45\pic\sources\c99\common\flge.c estimated size: 260

shared
		i2_test        		CODE           	31C8	0000	10
		__initialization		CODE           	3168	0000	22
		i2_lcd_char    		CODE           	2CF0	0000	124
		i2_uart_read   		CODE           	2DDA	0000	110
		i2_lcd_set_bit 		CODE           	2F6C	0000	92

shared estimated size: 358

C:\Program Files\Microchip\xc8\v2.45\pic\sources\c99\common\xxtofl.c
		___xxtofl      		CODE           	256C	0000	436

C:\Program Files\Microchip\xc8\v2.45\pic\sources\c99\common\xxtofl.c estimated size: 436

C:\Program Files\Microchip\xc8\v2.45\pic\sources\c99\common\__fpclassifyf.c
		___fpclassifyf 		CODE           	2A4A	0000	254

C:\Program Files\Microchip\xc8\v2.45\pic\sources\c99\common\__fpclassifyf.c estimated size: 254

C:\Program Files\Microchip\xc8\v2.45\pic\sources\c99\common\sprcadd.c
		___flsub       		CODE           	3060	0000	72
		___fladd       		CODE           	18E6	0000	1218

C:\Program Files\Microchip\xc8\v2.45\pic\sources\c99\common\sprcadd.c estimated size: 1290

C:\Program Files\Microchip\xc8\v2.45\pic\sources\c99\common\fltol.c
		___fltol       		CODE           	283E	0000	264

C:\Program Files\Microchip\xc8\v2.45\pic\sources\c99\common\fltol.c estimated size: 264

