Microchip MPLAB XC8 Compiler V2.45

Linker command line:

-W-3 \
  --edf=C:\Program Files\Microchip\xc8\v2.45\pic\dat\20230818022343_en.msgs \
  -cn -h+dist/default/production\I2C_SLAVE.production.sym \
  --cmf=dist/default/production\I2C_SLAVE.production.cmf -z -Q18F458 \
  -oC:\Users\josep\AppData\Local\Temp\xcAs5pq8.\driver_tmp_3.o \
  --defsym=__MPLAB_BUILD=1 --fixupoverflow=error \
  -Mdist/default/production/I2C_SLAVE.production.map \
  --md=C:\Users\josep\AppData\Local\Temp\xcAs5pq8.\driver_tmp_0.dat -E1 \
  -ver=XC8 Compiler --acfsm=1493 -ACODE=00h-03FFFhx2 -ACONST=00h-07FFFh \
  -ASMALLCONST=0600h-06FFhx122 -AMEDIUMCONST=0600h-07FFFh -ACOMRAM=01h-05Fh \
  -AABS1=00h-05FFh -ABIGRAM=01h-05FFh -ARAM=060h-0FFh,0100h-01FFhx5 \
  -ABANK0=060h-0FFh -ABANK1=0100h-01FFh -ABANK2=0200h-02FFh \
  -ABANK3=0300h-03FFh -ABANK4=0400h-04FFh -ABANK5=0500h-05FFh \
  -ASFR=0F00h-0F5Fh,0F60h-0FFFh -ABIGSFR=0F00h-0FFFh \
  -ACONFIG=0300000h-030000Dh -AIDLOC=0200000h-0200007h \
  -AEEDATA=0F00000h-0F000FFh -peeprom_data=EEDATA \
  -preset_vec=00h,intcode,intcodelo=018h,powerup,init -pramtop=0600h \
  -psmallconst=SMALLCONST -pmediumconst=MEDIUMCONST -pconst=CONST \
  -AFARRAM=00h-00h \
  -prdata=COMRAM,nvrram=COMRAM,nvbit=COMRAM,rbss=COMRAM,rbit=COMRAM \
  -pfarbss=FARRAM,fardata=FARRAM,nvFARRAM=FARRAM \
  -pintsave_regs=BIGRAM,bigbss=BIGRAM,bigdata=BIGRAM -pbss=RAM \
  -pidata=CODE,irdata=CODE,ibigdata=CODE,ifardata=CODE -prparam=COMRAM \
  C:\Users\josep\AppData\Local\Temp\xcAs5pq8.\driver_tmp_9.o \
  dist/default/production\I2C_SLAVE.production.o 

Object code version is 3.11

Machine type is 18F458



                Name                               Link     Load   Length Selector   Space Scale
C:\Users\josep\AppData\Local\Temp\xcAs5pq8.\driver_tmp_9.o
                config                           300002   300002        2        0       4
                text                                BF8      BF8        2      305       0
                init                                 82       82        4        C       0
                reset_vec                             0        0        6        0       0
dist/default/production\I2C_SLAVE.production.o
                intcodelo                            18       18       6A        C       0
                config                           300002   300002        2        0       4
                temp                                 41       41        1        1       1
                smallconst                          600      600        A      300       0
                text15                              BF6      BF6        2      305       0
                text14                              BC4      BC4       20      305       0
                text13                              B80      B80       24      305       0
                text12                              930      930       80      305       0
                text11                              824      824       8C      305       0
                text10                              60A      60A      182      305       0
                text8                               BA4      BA4       20      305       0
                text7                               8B0      8B0       80      305       0
                text6                               B5A      B5A       26      305       0
                text5                               BE4      BE4       12      305       0
                text4                               A26      A26       6C      305       0
                text3                               9B0      9B0       76      305       0
                text2                               78C      78C       98      305       0
                text1                               A92      A92       5A      305       0
                text0                               AEC      AEC       48      305       0
                cstackCOMRAM                         21       21       20        1       1
                bssBANK0                             60       60       20       60       1
                bssCOMRAM                             1        1       20        1       1
                cinit                               B34      B34       26      305       0

TOTAL           Name                               Link     Load   Length     Space
        CLASS   CODE           
                intcodelo                            18       18       6A         0
                text                                BF8      BF8        2         0
                init                                 82       82        4         0
                reset_vec                             0        0        6         0
                text15                              BF6      BF6        2         0
                text14                              BC4      BC4       20         0
                text13                              B80      B80       24         0
                text12                              930      930       80         0
                text11                              824      824       8C         0
                text10                              60A      60A      182         0
                text8                               BA4      BA4       20         0
                text7                               8B0      8B0       80         0
                text6                               B5A      B5A       26         0
                text5                               BE4      BE4       12         0
                text4                               A26      A26       6C         0
                text3                               9B0      9B0       76         0
                text2                               78C      78C       98         0
                text1                               A92      A92       5A         0
                text0                               AEC      AEC       48         0
                cinit                               B34      B34       26         0

        CLASS   CONST          

        CLASS   SMALLCONST     
                smallconst                          600      600        A         0

        CLASS   MEDIUMCONST    

        CLASS   COMRAM         
                temp                                 41       41        1         1
                cstackCOMRAM                         21       21       20         1
                bssCOMRAM                             1        1       20         1

        CLASS   ABS1           

        CLASS   BIGRAM         

        CLASS   RAM            

        CLASS   BANK0          
                bssBANK0                             60       60       20         1

        CLASS   BANK1          

        CLASS   BANK2          

        CLASS   BANK3          

        CLASS   BANK4          

        CLASS   BANK5          

        CLASS   SFR            

        CLASS   BIGSFR         

        CLASS   CONFIG         
                config                           300002   300002        2         4

        CLASS   IDLOC          

        CLASS   EEDATA         

        CLASS   FARRAM         

        CLASS   HEAP           

        CLASS   STACK          



SEGMENTS        Name                           Load    Length   Top    Selector   Space  Class

                reset_vec                      000000  000006  000006         0       0  CODE    
                bssCOMRAM                      000001  000041  000042         1       1  COMRAM  
                intcodelo                      000018  00006E  000086         C       0  CODE    
                bssBANK0                       000060  000020  000080        60       1  BANK0   
                smallconst                     000600  00000A  00060A       300       0  SMALLCON
                text10                         00060A  0005F0  000BFA       305       0  CODE    


UNUSED ADDRESS RANGES

        Name                Unused          Largest block    Delta
        BANK0            000080-0000FF               80
        BANK1            000100-0001FF              100
        BANK2            000200-0002FF              100
        BANK3            000300-0003FF              100
        BANK4            000400-0004FF              100
        BANK5            000500-0005FF              100
        BIGRAM           000042-00005F               1E
                         000080-0005FF              580
        BIGSFR           000F00-000FFF              100
        CODE             000006-000017               12
                         000086-0005FF              57A
                         000BFA-007FFF             3406
        COMRAM           000042-00005F               1E
        CONFIG           300000-300001                2
                         300004-30000D                A
        CONST            000006-000017               12
                         000086-0005FF              57A
                         000BFA-007FFF             7406
        EEDATA           F00000-F000FF              100
        IDLOC            200000-200007                8
        MEDIUMCONST      000BFA-007FFF             7406
        RAM              000080-0005FF              100
        SFR              000F00-000FFF               60
        SMALLCONST       000BFA-007FFF              100

                                  Symbol Table

_CKP                                                                      (abs)        007E34
_GIE                                                                      (abs)        007F97
_LATD                                                                     (abs)        000F8C
_LATDbits                                                                 (abs)        000F8C
_PEIE                                                                     (abs)        007F96
_SSPADD                                                                   (abs)        000FC8
_SSPBUF                                                                   (abs)        000FC9
_SSPCON1                                                                  (abs)        000FC6
_SSPCON1bits                                                              (abs)        000FC6
_SSPCON2                                                                  (abs)        000FC5
_SSPEN                                                                    (abs)        007E35
_SSPIE                                                                    (abs)        007CEB
_SSPIF                                                                    (abs)        007CF3
_SSPSTAT                                                                  (abs)        000FC7
_SSPSTATbits                                                              (abs)        000FC7
_TRISC3                                                                   (abs)        007CA3
_TRISC4                                                                   (abs)        007CA4
_TRISD                                                                    (abs)        000F95
__HRAM                                                                    (abs)        000000
__H__absolute__                                                           __absolute__ 000000
__Habs1                                                                   abs1         000000
__Hbank0                                                                  bank0        000000
__Hbank1                                                                  bank1        000000
__Hbank2                                                                  bank2        000000
__Hbank3                                                                  bank3        000000
__Hbank4                                                                  bank4        000000
__Hbank5                                                                  bank5        000000
__Hbigbss                                                                 bigbss       000000
__Hbigdata                                                                bigdata      000000
__Hbigram                                                                 bigram       000000
__Hbigsfr                                                                 bigsfr       000000
__Hbss                                                                    bss          000000
__HbssBANK0                                                               bssBANK0     000000
__HbssCOMRAM                                                              bssCOMRAM    000000
__Hcinit                                                                  cinit        000000
__Hclrtext                                                                clrtext      000000
__Hcomram                                                                 comram       000000
__Hconfig                                                                 config       300004
__Hconst                                                                  const        000000
__HcstackCOMRAM                                                           cstackCOMRAM 000000
__Hdata                                                                   data         000000
__Heeprom_data                                                            eeprom_data  000000
__Hfarbss                                                                 farbss       000000
__Hfardata                                                                fardata      000000
__Hheap                                                                   heap         000000
__Hibigdata                                                               ibigdata     000000
__Hidata                                                                  idata        000000
__Hidloc                                                                  idloc        000000
__Hifardata                                                               ifardata     000000
__Hinit                                                                   init         000086
__Hintcode                                                                intcode      000006
__Hintcode_body                                                           intcode_body 000000
__Hintcodelo                                                              intcodelo    000082
__Hintentry                                                               intentry     000000
__Hintret                                                                 intret       000000
__Hintsave_regs                                                           intsave_regs 000000
__Hirdata                                                                 irdata       000000
__Hmediumconst                                                            mediumconst  000000
__HnvFARRAM                                                               nvFARRAM     000000
__Hnvbit                                                                  nvbit        000000
__Hnvrram                                                                 nvrram       000000
__Hparam                                                                  rparam       000000
__Hpowerup                                                                powerup      000082
__Hram                                                                    ram          000000
__Hramtop                                                                 ramtop       000600
__Hrbit                                                                   rbit         000000
__Hrbss                                                                   rbss         000000
__Hrdata                                                                  rdata        000000
__Hreset_vec                                                              reset_vec    000006
__Hrparam                                                                 rparam       000000
__Hsfr                                                                    sfr          000000
__Hsmallconst                                                             smallconst   00060A
__Hspace_0                                                                (abs)        000BFA
__Hspace_1                                                                (abs)        000080
__Hspace_2                                                                (abs)        000000
__Hspace_4                                                                (abs)        600006
__Hstack                                                                  stack        000000
__Hstruct                                                                 struct       000000
__Htemp                                                                   temp         000042
__Htext                                                                   text         000000
__Htext0                                                                  text0        000000
__Htext1                                                                  text1        000000
__Htext10                                                                 text10       000000
__Htext11                                                                 text11       000000
__Htext12                                                                 text12       000000
__Htext13                                                                 text13       000000
__Htext14                                                                 text14       000000
__Htext15                                                                 text15       000000
__Htext2                                                                  text2        000000
__Htext3                                                                  text3        000000
__Htext4                                                                  text4        000000
__Htext5                                                                  text5        000000
__Htext6                                                                  text6        000000
__Htext7                                                                  text7        000000
__Htext8                                                                  text8        000000
__LRAM                                                                    (abs)        000001
__L__absolute__                                                           __absolute__ 000000
__Labs1                                                                   abs1         000000
__Lbank0                                                                  bank0        000000
__Lbank1                                                                  bank1        000000
__Lbank2                                                                  bank2        000000
__Lbank3                                                                  bank3        000000
__Lbank4                                                                  bank4        000000
__Lbank5                                                                  bank5        000000
__Lbigbss                                                                 bigbss       000000
__Lbigdata                                                                bigdata      000000
__Lbigram                                                                 bigram       000000
__Lbigsfr                                                                 bigsfr       000000
__Lbss                                                                    bss          000000
__LbssBANK0                                                               bssBANK0     000000
__LbssCOMRAM                                                              bssCOMRAM    000000
__Lcinit                                                                  cinit        000000
__Lclrtext                                                                clrtext      000000
__Lcomram                                                                 comram       000000
__Lconfig                                                                 config       000000
__Lconst                                                                  const        000000
__LcstackCOMRAM                                                           cstackCOMRAM 000000
__Ldata                                                                   data         000000
__Leeprom_data                                                            eeprom_data  000000
__Lfarbss                                                                 farbss       000000
__Lfardata                                                                fardata      000000
__Lheap                                                                   heap         000000
__Libigdata                                                               ibigdata     000000
__Lidata                                                                  idata        000000
__Lidloc                                                                  idloc        000000
__Lifardata                                                               ifardata     000000
__Linit                                                                   init         000082
__Lintcode                                                                intcode      000006
__Lintcode_body                                                           intcode_body 000000
__Lintcodelo                                                              intcodelo    000018
__Lintentry                                                               intentry     000000
__Lintret                                                                 intret       000000
__Lintsave_regs                                                           intsave_regs 000000
__Lirdata                                                                 irdata       000000
__Lmediumconst                                                            mediumconst  000000
__LnvFARRAM                                                               nvFARRAM     000000
__Lnvbit                                                                  nvbit        000000
__Lnvrram                                                                 nvrram       000000
__Lparam                                                                  rparam       000000
__Lpowerup                                                                powerup      000082
__Lram                                                                    ram          000000
__Lramtop                                                                 ramtop       000600
__Lrbit                                                                   rbit         000000
__Lrbss                                                                   rbss         000000
__Lrdata                                                                  rdata        000000
__Lreset_vec                                                              reset_vec    000000
__Lrparam                                                                 rparam       000000
__Lsfr                                                                    sfr          000000
__Lsmallconst                                                             smallconst   000600
__Lspace_0                                                                (abs)        000000
__Lspace_1                                                                (abs)        000000
__Lspace_2                                                                (abs)        000000
__Lspace_4                                                                (abs)        000000
__Lstack                                                                  stack        000000
__Lstruct                                                                 struct       000000
__Ltemp                                                                   temp         000041
__Ltext                                                                   text         000000
__Ltext0                                                                  text0        000000
__Ltext1                                                                  text1        000000
__Ltext10                                                                 text10       000000
__Ltext11                                                                 text11       000000
__Ltext12                                                                 text12       000000
__Ltext13                                                                 text13       000000
__Ltext14                                                                 text14       000000
__Ltext15                                                                 text15       000000
__Ltext2                                                                  text2        000000
__Ltext3                                                                  text3        000000
__Ltext4                                                                  text4        000000
__Ltext5                                                                  text5        000000
__Ltext6                                                                  text6        000000
__Ltext7                                                                  text7        000000
__Ltext8                                                                  text8        000000
__S0                                                                      (abs)        000BFA
__S1                                                                      (abs)        000080
__S4                                                                      (abs)        000000
__S5                                                                      (abs)        000000
___heap_hi                                                                (abs)        000000
___heap_lo                                                                (abs)        000000
___inthi_sp                                                               stack        000000
___inthi_stack_hi                                                         stack        000000
___inthi_stack_lo                                                         stack        000000
___intlo_sp                                                               stack        000000
___intlo_stack_hi                                                         stack        000000
___intlo_stack_lo                                                         stack        000000
___param_bank                                                             (abs)        000000
___rparam_used                                                            (abs)        000001
___sp                                                                     stack        000000
___stack_hi                                                               stack        000000
___stack_lo                                                               stack        000000
__accesstop                                                               (abs)        000060
__activetblptr                                                            (abs)        000002
__cntErrataNOP_C:\Users\josep\AppData\Local\Temp\xcAs5pq8.\driver_tmp_9.o (abs)        000001
__cntErrataNOP_dist/default/production\I2C_SLAVE.production.o             (abs)        000079
__end_of__initialization                                                  cinit        000B4C
__end_of_i2c_init                                                         text8        000BC4
__end_of_i2c_reset                                                        text13       000BA4
__end_of_i2c_tx_rx                                                        text10       00078C
__end_of_lcd_char                                                         text2        000824
__end_of_lcd_clear                                                        text5        000BF6
__end_of_lcd_cmd                                                          text6        000B80
__end_of_lcd_init                                                         text4        000A92
__end_of_lcd_set_bit                                                      text7        000930
__end_of_lcd_set_cursor                                                   text3        000A26
__end_of_lcd_string                                                       text1        000AEC
__end_of_low_isr                                                          intcodelo    000082
__end_of_main                                                             text0        000B34
__end_ofi1_i2c_init                                                       text14       000BE4
__end_ofi1_lcd_char                                                       text11       0008B0
__end_ofi1_lcd_set_bit                                                    text12       0009B0
__initialization                                                          cinit        000B34
__mediumconst                                                             mediumconst  000000
__pbssBANK0                                                               bssBANK0     000060
__pbssCOMRAM                                                              bssCOMRAM    000001
__pcinit                                                                  cinit        000B34
__pcstackCOMRAM                                                           cstackCOMRAM 000021
__pintcodelo                                                              intcodelo    000018
__psmallconst                                                             smallconst   000600
__ptext0                                                                  text0        000AEC
__ptext1                                                                  text1        000A92
__ptext10                                                                 text10       00060A
__ptext11                                                                 text11       000824
__ptext12                                                                 text12       000930
__ptext13                                                                 text13       000B80
__ptext14                                                                 text14       000BC4
__ptext15                                                                 text15       000BF6
__ptext2                                                                  text2        00078C
__ptext3                                                                  text3        0009B0
__ptext4                                                                  text4        000A26
__ptext5                                                                  text5        000BE4
__ptext6                                                                  text6        000B5A
__ptext7                                                                  text7        0008B0
__ptext8                                                                  text8        000BA4
__ramtop                                                                  ramtop       000600
__smallconst                                                              smallconst   000600
_i2c_init                                                                 text8        000BA4
_i2c_reset                                                                text13       000B80
_i2c_tx_rx                                                                text10       00060A
_lcd_char                                                                 text2        00078C
_lcd_char$intlevel0                                                       text2        000798
_lcd_clear                                                                text5        000BE4
_lcd_cmd                                                                  text6        000B5A
_lcd_init                                                                 text4        000A26
_lcd_set_bit                                                              text7        0008B0
_lcd_set_cursor                                                           text3        0009B0
_lcd_string                                                               text1        000A92
_low_isr                                                                  intcodelo    000018
_main                                                                     text0        000AEC
_rx_payload                                                               bssBANK0     000060
_tx_payload                                                               bssCOMRAM    000001
btemp                                                                     temp         000041
end_of_initialization                                                     cinit        000B4C
i1_i2c_init                                                               text14       000BC4
i1_lcd_char                                                               text11       000824
i1_lcd_set_bit                                                            text12       000930
i1i2c_init@address                                                        cstackCOMRAM 000021
i1lcd_char@Lower_Nibble                                                   cstackCOMRAM 000022
i1lcd_char@Upper_Nibble                                                   cstackCOMRAM 000023
i1lcd_char@data                                                           cstackCOMRAM 000024
i1lcd_char@i                                                              cstackCOMRAM 000025
i1lcd_char@i_295                                                          cstackCOMRAM 000027
i1lcd_set_bit@data_bit                                                    cstackCOMRAM 000021
i2c_init@address                                                          cstackCOMRAM 000035
i2c_tx_rx@i                                                               cstackCOMRAM 00002D
i2c_tx_rx@on_byte_received                                                cstackCOMRAM 000029
i2c_tx_rx@x                                                               cstackCOMRAM 00002B
int$flags                                                                 temp         000041
intlevel0                                                                 text         000BF8
intlevel1                                                                 text         000BF8
intlevel2                                                                 text         000BF8
intlevel3                                                                 text         000BF8
isa$std                                                                   (abs)        000001
isa$xinst                                                                 (abs)        000000
lcd_char@Lower_Nibble                                                     cstackCOMRAM 000036
lcd_char@Upper_Nibble                                                     cstackCOMRAM 000037
lcd_char@data                                                             cstackCOMRAM 00003C
lcd_char@i                                                                cstackCOMRAM 000038
lcd_char@i_295                                                            cstackCOMRAM 00003A
lcd_cmd@a                                                                 cstackCOMRAM 000037
lcd_set_bit@data_bit                                                      cstackCOMRAM 000035
lcd_set_cursor@a                                                          cstackCOMRAM 000039
lcd_set_cursor@b                                                          cstackCOMRAM 000038
lcd_set_cursor@temp                                                       cstackCOMRAM 00003C
lcd_set_cursor@y                                                          cstackCOMRAM 00003B
lcd_set_cursor@z                                                          cstackCOMRAM 00003A
lcd_string@a                                                              cstackCOMRAM 00003D
lcd_string@i                                                              cstackCOMRAM 00003F
stackhi                                                                   (abs)        000000
stacklo                                                                   (abs)        000000
start                                                                     init         000082
start_initialization                                                      cinit        000B34
ttemp5                                                                    temp         000042
ttemp6                                                                    temp         000045
ttemp7                                                                    temp         000049
wtemp8                                                                    temp         000042


MODULE INFORMATION

Module		Function		Class		Link	Load	Size
./lcd.h
		_lcd_cmd       		CODE           	0B5A	0000	38
		_lcd_set_bit   		CODE           	08B0	0000	128
		_lcd_char      		CODE           	078C	0000	152
		_lcd_set_cursor		CODE           	09B0	0000	118
		_lcd_clear     		CODE           	0BE4	0000	18
		_lcd_string    		CODE           	0A92	0000	90
		_lcd_init      		CODE           	0A26	0000	108

./lcd.h estimated size: 652

shared
		i1_i2c_init    		CODE           	0BC4	0000	32
		__initialization		CODE           	0B34	0000	24
		i1_lcd_char    		CODE           	0824	0000	140
		i1_lcd_set_bit 		CODE           	0930	0000	128

shared estimated size: 324

i2c_slave.c
		_main          		CODE           	0AEC	0000	72
		_low_isr       		CODE           	0018	0000	106

i2c_slave.c estimated size: 178

./i2c_slave.h
		_i2c_reset     		CODE           	0B80	0000	36
		_i2c_tx_rx     		CODE           	060A	0000	386
		_i2c_init      		CODE           	0BA4	0000	32

./i2c_slave.h estimated size: 454

