Microchip MPLAB XC8 Compiler V2.45

Linker command line:

-W-3 \
  --edf=C:\Program Files\Microchip\xc8\v2.45\pic\dat\20230818022343_en.msgs \
  -cn -h+dist/default/production\RX_UART.production.sym \
  --cmf=dist/default/production\RX_UART.production.cmf -z -Q18F4550 \
  -oC:\Users\josep\AppData\Local\Temp\xcAs1at3g.\driver_tmp_3.o \
  --defsym=__MPLAB_BUILD=1 --fixupoverflow=error \
  -Mdist/default/production/RX_UART.production.map \
  --md=C:\Users\josep\AppData\Local\Temp\xcAs1at3g.\driver_tmp_0.dat -E1 \
  -ver=XC8 Compiler --acfsm=1493 -ACODE=00h-07FFFh -ACONST=00h-07FFFh \
  -ASMALLCONST=0800h-08FFhx120 -AMEDIUMCONST=0800h-07FFFh -ACOMRAM=01h-05Fh \
  -AABS1=00h-07FFh -ABIGRAM=01h-07FFh -ARAM=060h-0FFh,0100h-01FFhx7 \
  -ABANK0=060h-0FFh -ABANK1=0100h-01FFh -ABANK2=0200h-02FFh \
  -ABANK3=0300h-03FFh -ABANK4=0400h-04FFh -ABANK5=0500h-05FFh \
  -ABANK6=0600h-06FFh -ABANK7=0700h-07FFh -ASFR=0F60h-0FFFh \
  -ABIGSFR=0F60h-0FFFh -ACONFIG=0300000h-030000Dh -AIDLOC=0200000h-0200007h \
  -AEEDATA=0F00000h-0F000FFh -peeprom_data=EEDATA \
  -preset_vec=00h,intcode=08h,intcodelo,powerup,init -pramtop=0800h \
  -psmallconst=SMALLCONST -pmediumconst=MEDIUMCONST -pconst=CONST \
  -AFARRAM=00h-00h \
  -prdata=COMRAM,nvrram=COMRAM,nvbit=COMRAM,rbss=COMRAM,rbit=COMRAM \
  -pfarbss=FARRAM,fardata=FARRAM,nvFARRAM=FARRAM \
  -pintsave_regs=BIGRAM,bigbss=BIGRAM,bigdata=BIGRAM -pbss=RAM \
  -pidata=CODE,irdata=CODE,ibigdata=CODE,ifardata=CODE -prparam=COMRAM \
  C:\Users\josep\AppData\Local\Temp\xcAs1at3g.\driver_tmp_9.o \
  dist/default/production\RX_UART.production.o 

Object code version is 3.11

Machine type is 18F4550



                Name                               Link     Load   Length Selector   Space Scale
C:\Users\josep\AppData\Local\Temp\xcAs1at3g.\driver_tmp_9.o
                config                           300002   300002        2        0       4
                init                                  E        E        4        4       0
                reset_vec                             0        0        4        0       0
dist/default/production\RX_UART.production.o
                intcode                               8        8        6        4       0
                config                           300002   300002        2        0       4
                temp                                 5D       5D        1        1       1
                smallconst                          800      800        8      400       0
                intcode_body                       3000     3000        6      404       0
                text24                             2DAC     2DAC       5C      404       0
                text23                             2FAA     2FAA       20      404       0
                text22                             2FE8     2FE8        E      404       0
                text21                             2D4A     2D4A       62      404       0
                text20                             2CE4     2CE4       66      404       0
                text19                             2BFA     2BFA       7C      404       0
                text18                             2F34     2F34       42      404       0
                text17                             2FF6     2FF6        A      404       0
                text16                             2146     2146      39A      404       0
                text15                             2ABA     2ABA       AA      404       0
                text14                             1D1C     1D1C      42A      404       0
                text13                             185C     185C      4C0      404       0
                text12                             2EEE     2EEE       46      404       0
                text11                             27B2     27B2      106      404       0
                text10                             24E0     24E0      1B4      404       0
                text9                              2F76     2F76       34      404       0
                text8                              28B8     28B8      104      404       0
                text7                              29BC     29BC       FE      404       0
                text6                              2E08     2E08       50      404       0
                text5                              2694     2694      11E      404       0
                text4                               808      808     1054      404       0
                text3                              2C76     2C76       6E      404       0
                text2                              2EA6     2EA6       48      404       0
                text1                              2E58     2E58       4E      404       0
                text0                              2B64     2B64       96      404       0
                cstackCOMRAM                          1        1       5C        1       1
                cstackBANK0                          60       60       39       60       1
                bssBANK0                             99       99       16       60       1
                cinit                              2FCA     2FCA       1E      404       0

TOTAL           Name                               Link     Load   Length     Space
        CLASS   CODE           
                intcode                               8        8        6         0
                init                                  E        E        4         0
                reset_vec                             0        0        4         0
                intcode_body                       3000     3000        6         0
                text24                             2DAC     2DAC       5C         0
                text23                             2FAA     2FAA       20         0
                text22                             2FE8     2FE8        E         0
                text21                             2D4A     2D4A       62         0
                text20                             2CE4     2CE4       66         0
                text19                             2BFA     2BFA       7C         0
                text18                             2F34     2F34       42         0
                text17                             2FF6     2FF6        A         0
                text16                             2146     2146      39A         0
                text15                             2ABA     2ABA       AA         0
                text14                             1D1C     1D1C      42A         0
                text13                             185C     185C      4C0         0
                text12                             2EEE     2EEE       46         0
                text11                             27B2     27B2      106         0
                text10                             24E0     24E0      1B4         0
                text9                              2F76     2F76       34         0
                text8                              28B8     28B8      104         0
                text7                              29BC     29BC       FE         0
                text6                              2E08     2E08       50         0
                text5                              2694     2694      11E         0
                text4                               808      808     1054         0
                text3                              2C76     2C76       6E         0
                text2                              2EA6     2EA6       48         0
                text1                              2E58     2E58       4E         0
                text0                              2B64     2B64       96         0
                cinit                              2FCA     2FCA       1E         0

        CLASS   CONST          

        CLASS   SMALLCONST     
                smallconst                          800      800        8         0

        CLASS   MEDIUMCONST    

        CLASS   COMRAM         
                temp                                 5D       5D        1         1
                cstackCOMRAM                          1        1       5C         1

        CLASS   ABS1           

        CLASS   BIGRAM         

        CLASS   RAM            

        CLASS   BANK0          
                cstackBANK0                          60       60       39         1
                bssBANK0                             99       99       16         1

        CLASS   BANK1          

        CLASS   BANK2          

        CLASS   BANK3          

        CLASS   BANK4          

        CLASS   BANK5          

        CLASS   BANK6          

        CLASS   BANK7          

        CLASS   SFR            

        CLASS   BIGSFR         

        CLASS   CONFIG         
                config                           300002   300002        2         4

        CLASS   IDLOC          

        CLASS   EEDATA         

        CLASS   FARRAM         

        CLASS   HEAP           

        CLASS   STACK          



SEGMENTS        Name                           Load    Length   Top    Selector   Space  Class

                reset_vec                      000000  000004  000004         0       0  CODE    
                cstackCOMRAM                   000001  00005D  00005E         1       1  COMRAM  
                intcode                        000008  00000A  000012         4       0  CODE    
                cstackBANK0                    000060  00004F  0000AF        60       1  BANK0   
                smallconst                     000800  000008  000808       400       0  SMALLCON
                text4                          000808  0027FE  003006       404       0  CODE    


UNUSED ADDRESS RANGES

        Name                Unused          Largest block    Delta
        BANK0            0000AF-0000FF               51
        BANK1            000100-0001FF              100
        BANK2            000200-0002FF              100
        BANK3            000300-0003FF              100
        BANK4            000400-0004FF              100
        BANK5            000500-0005FF              100
        BANK6            000600-0006FF              100
        BANK7            000700-0007FF              100
        BIGRAM           00005E-00005F                2
                         0000AF-0007FF              751
        BIGSFR           000F60-000FFF               A0
        CODE             000004-000007                4
                         000012-0007FF              7EE
                         003006-007FFF             4FFA
        COMRAM           00005E-00005F                2
        CONFIG           300000-300001                2
                         300004-30000D                A
        CONST            000004-000007                4
                         000012-0007FF              7EE
                         003006-007FFF             4FFA
        EEDATA           F00000-F000FF              100
        IDLOC            200000-200007                8
        MEDIUMCONST      003006-007FFF             4FFA
        RAM              0000AF-0007FF              100
        SFR              000F60-000FFF               A0
        SMALLCONST       003006-007FFF              100

                                  Symbol Table

?___fladd                 cstackCOMRAM 000033
?___fldiv                 cstackCOMRAM 00001A
?___flmul                 cstackCOMRAM 000001
?___flsub                 cstackCOMRAM 000043
?___fltol                 cstackCOMRAM 000043
?___fpclassifyf           cstackCOMRAM 000001
?___signbitf              cstackCOMRAM 000001
?___xxtofl                cstackCOMRAM 000001
?_fabsf                   cstackCOMRAM 00004B
?_fminf                   cstackCOMRAM 00000F
?_uart_read               cstackCOMRAM 000001
_BRG16                    (abs)        007DC3
_BRGH                     (abs)        007D62
_CREN                     (abs)        007D5C
_FERR                     (abs)        007D5A
_LATD                     (abs)        000F8C
_LATDbits                 (abs)        000F8C
_OERR                     (abs)        007D59
_RCEN                     (abs)        007E2B
_RCIE                     (abs)        007CED
_RCIF                     (abs)        007CF5
_RCREG                    (abs)        000FAE
_RX9                      (abs)        007D5E
_RX9D                     (abs)        007D58
_RXDTP                    (abs)        007DC5
_SPBRG                    (abs)        000FAF
_SPBRGH                   (abs)        000FB0
_SPEN                     (abs)        007D5F
_SREN                     (abs)        007D5D
_SYNC                     (abs)        007D64
_TRISCbits                (abs)        000F94
_TRISD                    (abs)        000F95
_TRMT                     (abs)        007D61
_TX9                      (abs)        007D66
_TX9D                     (abs)        007D60
_TXCKP                    (abs)        007DC4
_TXEN                     (abs)        007D65
_TXIE                     (abs)        007CEC
_TXIF                     (abs)        007CF4
_TXREG                    (abs)        000FAD
__HRAM                    (abs)        000000
__H__absolute__           __absolute__ 000000
__Habs1                   abs1         000000
__Hbank0                  bank0        000000
__Hbank1                  bank1        000000
__Hbank2                  bank2        000000
__Hbank3                  bank3        000000
__Hbank4                  bank4        000000
__Hbank5                  bank5        000000
__Hbank6                  bank6        000000
__Hbank7                  bank7        000000
__Hbigbss                 bigbss       000000
__Hbigdata                bigdata      000000
__Hbigram                 bigram       000000
__Hbigsfr                 bigsfr       000000
__Hbss                    bss          000000
__HbssBANK0               bssBANK0     000000
__Hcinit                  cinit        000000
__Hclrtext                clrtext      000000
__Hcomram                 comram       000000
__Hconfig                 config       300004
__Hconst                  const        000000
__HcstackBANK0            cstackBANK0  000000
__HcstackCOMRAM           cstackCOMRAM 000000
__Hdata                   data         000000
__Heeprom_data            eeprom_data  000000
__Hfarbss                 farbss       000000
__Hfardata                fardata      000000
__Hheap                   heap         000000
__Hibigdata               ibigdata     000000
__Hidata                  idata        000000
__Hidloc                  idloc        000000
__Hifardata               ifardata     000000
__Hinit                   init         000012
__Hintcode                intcode      00000E
__Hintcode_body           intcode_body 000000
__Hintcodelo              intcodelo    00000E
__Hintentry               intentry     000000
__Hintret                 intret       000000
__Hintsave_regs           intsave_regs 000000
__Hirdata                 irdata       000000
__Hmediumconst            mediumconst  000000
__HnvFARRAM               nvFARRAM     000000
__Hnvbit                  nvbit        000000
__Hnvrram                 nvrram       000000
__Hparam                  rparam       000000
__Hpowerup                powerup      00000E
__Hram                    ram          000000
__Hramtop                 ramtop       000800
__Hrbit                   rbit         000000
__Hrbss                   rbss         000000
__Hrdata                  rdata        000000
__Hreset_vec              reset_vec    000004
__Hrparam                 rparam       000000
__Hsfr                    sfr          000000
__Hsmallconst             smallconst   000808
__Hspace_0                (abs)        003006
__Hspace_1                (abs)        0000AF
__Hspace_2                (abs)        000000
__Hspace_4                (abs)        600006
__Hstack                  stack        000000
__Hstruct                 struct       000000
__Htemp                   temp         00005E
__Htext                   text         000000
__Htext0                  text0        000000
__Htext1                  text1        000000
__Htext10                 text10       000000
__Htext11                 text11       000000
__Htext12                 text12       000000
__Htext13                 text13       000000
__Htext14                 text14       000000
__Htext15                 text15       000000
__Htext16                 text16       000000
__Htext17                 text17       000000
__Htext18                 text18       000000
__Htext19                 text19       000000
__Htext2                  text2        000000
__Htext20                 text20       000000
__Htext21                 text21       000000
__Htext22                 text22       000000
__Htext23                 text23       000000
__Htext24                 text24       000000
__Htext3                  text3        000000
__Htext4                  text4        000000
__Htext5                  text5        000000
__Htext6                  text6        000000
__Htext7                  text7        000000
__Htext8                  text8        000000
__Htext9                  text9        000000
__LRAM                    (abs)        000001
__L__absolute__           __absolute__ 000000
__Labs1                   abs1         000000
__Lbank0                  bank0        000000
__Lbank1                  bank1        000000
__Lbank2                  bank2        000000
__Lbank3                  bank3        000000
__Lbank4                  bank4        000000
__Lbank5                  bank5        000000
__Lbank6                  bank6        000000
__Lbank7                  bank7        000000
__Lbigbss                 bigbss       000000
__Lbigdata                bigdata      000000
__Lbigram                 bigram       000000
__Lbigsfr                 bigsfr       000000
__Lbss                    bss          000000
__LbssBANK0               bssBANK0     000000
__Lcinit                  cinit        000000
__Lclrtext                clrtext      000000
__Lcomram                 comram       000000
__Lconfig                 config       000000
__Lconst                  const        000000
__LcstackBANK0            cstackBANK0  000000
__LcstackCOMRAM           cstackCOMRAM 000000
__Ldata                   data         000000
__Leeprom_data            eeprom_data  000000
__Lfarbss                 farbss       000000
__Lfardata                fardata      000000
__Lheap                   heap         000000
__Libigdata               ibigdata     000000
__Lidata                  idata        000000
__Lidloc                  idloc        000000
__Lifardata               ifardata     000000
__Linit                   init         00000E
__Lintcode                intcode      000008
__Lintcode_body           intcode_body 000000
__Lintcodelo              intcodelo    00000E
__Lintentry               intentry     000000
__Lintret                 intret       000000
__Lintsave_regs           intsave_regs 000000
__Lirdata                 irdata       000000
__Lmediumconst            mediumconst  000000
__LnvFARRAM               nvFARRAM     000000
__Lnvbit                  nvbit        000000
__Lnvrram                 nvrram       000000
__Lparam                  rparam       000000
__Lpowerup                powerup      00000E
__Lram                    ram          000000
__Lramtop                 ramtop       000800
__Lrbit                   rbit         000000
__Lrbss                   rbss         000000
__Lrdata                  rdata        000000
__Lreset_vec              reset_vec    000000
__Lrparam                 rparam       000000
__Lsfr                    sfr          000000
__Lsmallconst             smallconst   000800
__Lspace_0                (abs)        000000
__Lspace_1                (abs)        000000
__Lspace_2                (abs)        000000
__Lspace_4                (abs)        000000
__Lstack                  stack        000000
__Lstruct                 struct       000000
__Ltemp                   temp         00005D
__Ltext                   text         000000
__Ltext0                  text0        000000
__Ltext1                  text1        000000
__Ltext10                 text10       000000
__Ltext11                 text11       000000
__Ltext12                 text12       000000
__Ltext13                 text13       000000
__Ltext14                 text14       000000
__Ltext15                 text15       000000
__Ltext16                 text16       000000
__Ltext17                 text17       000000
__Ltext18                 text18       000000
__Ltext19                 text19       000000
__Ltext2                  text2        000000
__Ltext20                 text20       000000
__Ltext21                 text21       000000
__Ltext22                 text22       000000
__Ltext23                 text23       000000
__Ltext24                 text24       000000
__Ltext3                  text3        000000
__Ltext4                  text4        000000
__Ltext5                  text5        000000
__Ltext6                  text6        000000
__Ltext7                  text7        000000
__Ltext8                  text8        000000
__Ltext9                  text9        000000
__S0                      (abs)        003006
__S1                      (abs)        0000AF
__S4                      (abs)        000000
__S5                      (abs)        000000
___fladd                  text13       00185C
___fladd@a                cstackCOMRAM 000037
___fladd@aexp             cstackCOMRAM 000040
___fladd@b                cstackCOMRAM 000033
___fladd@bexp             cstackCOMRAM 000041
___fladd@grs              cstackCOMRAM 000042
___fladd@signs            cstackCOMRAM 00003F
___fldiv                  text16       002146
___fldiv@a                cstackCOMRAM 00001E
___fldiv@aexp             cstackCOMRAM 000032
___fldiv@b                cstackCOMRAM 00001A
___fldiv@bexp             cstackCOMRAM 000031
___fldiv@grs              cstackCOMRAM 00002D
___fldiv@new_exp          cstackCOMRAM 00002B
___fldiv@rem              cstackCOMRAM 000026
___fldiv@sign             cstackCOMRAM 00002A
___fleq                   text15       002ABA
___fleq@ff1               cstackCOMRAM 000001
___fleq@ff2               cstackCOMRAM 000005
___flge                   text8        0028B8
___flge@ff1               cstackCOMRAM 000001
___flge@ff2               cstackCOMRAM 000005
___flmul                  text14       001D1C
___flmul@a                cstackCOMRAM 000005
___flmul@aexp             cstackCOMRAM 000012
___flmul@b                cstackCOMRAM 000001
___flmul@bexp             cstackCOMRAM 000013
___flmul@grs              cstackCOMRAM 00000E
___flmul@prod             cstackCOMRAM 000014
___flmul@sign             cstackCOMRAM 00000D
___flmul@temp             cstackCOMRAM 000018
___flsub                  text12       002EEE
___flsub@a                cstackCOMRAM 000047
___flsub@b                cstackCOMRAM 000043
___fltol                  text11       0027B2
___fltol@exp1             cstackCOMRAM 00004C
___fltol@f1               cstackCOMRAM 000043
___fltol@sign1            cstackCOMRAM 00004B
___fpclassifyf            text7        0029BC
___fpclassifyf@F465       bssBANK0     00009D
___fpclassifyf@e          cstackCOMRAM 000009
___fpclassifyf@u          cstackCOMRAM 00000B
___fpclassifyf@x          cstackCOMRAM 000001
___heap_hi                (abs)        000000
___heap_lo                (abs)        000000
___inthi_sp               stack        000000
___inthi_stack_hi         stack        000000
___inthi_stack_lo         stack        000000
___intlo_sp               stack        000000
___intlo_stack_hi         stack        000000
___intlo_stack_lo         stack        000000
___param_bank             (abs)        000000
___rparam_used            (abs)        000001
___signbitf               text6        002E08
___signbitf@F521          bssBANK0     000099
___signbitf@x             cstackCOMRAM 000001
___signbitf@y             cstackCOMRAM 000009
___sp                     stack        000000
___stack_hi               stack        000000
___stack_lo               stack        000000
___xxtofl                 text10       0024E0
___xxtofl@arg             cstackCOMRAM 00000B
___xxtofl@exp             cstackCOMRAM 00000A
___xxtofl@sign            cstackCOMRAM 000009
___xxtofl@val             cstackCOMRAM 000001
__accesstop               (abs)        000060
__activetblptr            (abs)        000001
__end_of___fladd          text13       001D1C
__end_of___fldiv          text16       0024E0
__end_of___fleq           text15       002B64
__end_of___flge           text8        0029BC
__end_of___flmul          text14       002146
__end_of___flsub          text12       002F34
__end_of___fltol          text11       0028B8
__end_of___fpclassifyf    text7        002ABA
__end_of___signbitf       text6        002E58
__end_of___xxtofl         text10       002694
__end_of__initialization  cinit        002FD6
__end_of_fabsf            text9        002FAA
__end_of_fminf            text5        0027B2
__end_of_lcd_char         text19       002C76
__end_of_lcd_clear        text22       002FF6
__end_of_lcd_cmd          text23       002FCA
__end_of_lcd_init         text21       002DAC
__end_of_lcd_set_bit      text24       002E08
__end_of_lcd_set_cursor   text20       002D4A
__end_of_lcd_string       text18       002F76
__end_of_low_isr          intcode_body 003006
__end_of_main             text0        002BFA
__end_of_test             text17       003000
__end_of_uart_init        text4        00185C
__end_of_uart_read        text3        002CE4
__end_of_uart_read_buffer text2        002EEE
__end_of_uart_write       text1        002EA6
__initialization          cinit        002FCA
__mediumconst             mediumconst  000000
__pbssBANK0               bssBANK0     000099
__pcinit                  cinit        002FCA
__pcstackBANK0            cstackBANK0  000060
__pcstackCOMRAM           cstackCOMRAM 000001
__pintcode                intcode      000008
__pintcode_body           intcode_body 003000
__psmallconst             smallconst   000800
__ptext0                  text0        002B64
__ptext1                  text1        002E58
__ptext10                 text10       0024E0
__ptext11                 text11       0027B2
__ptext12                 text12       002EEE
__ptext13                 text13       00185C
__ptext14                 text14       001D1C
__ptext15                 text15       002ABA
__ptext16                 text16       002146
__ptext17                 text17       002FF6
__ptext18                 text18       002F34
__ptext19                 text19       002BFA
__ptext2                  text2        002EA6
__ptext20                 text20       002CE4
__ptext21                 text21       002D4A
__ptext22                 text22       002FE8
__ptext23                 text23       002FAA
__ptext24                 text24       002DAC
__ptext3                  text3        002C76
__ptext4                  text4        000808
__ptext5                  text5        002694
__ptext6                  text6        002E08
__ptext7                  text7        0029BC
__ptext8                  text8        0028B8
__ptext9                  text9        002F76
__ramtop                  ramtop       000800
__smallconst              smallconst   000800
_fabsf                    text9        002F76
_fminf                    text5        002694
_lcd_char                 text19       002BFA
_lcd_clear                text22       002FE8
_lcd_cmd                  text23       002FAA
_lcd_init                 text21       002D4A
_lcd_set_bit              text24       002DAC
_lcd_set_cursor           text20       002CE4
_lcd_string               text18       002F34
_low_isr                  intcode      000008
_main                     text0        002B64
_payload                  bssBANK0     0000A5
_test                     text17       002FF6
_uart_init                text4        000808
_uart_init$918            cstackBANK0  00008D
_uart_init$919            cstackBANK0  000060
_uart_read                text3        002C76
_uart_read$208            cstackCOMRAM 000003
_uart_read_buffer         text2        002EA6
_uart_write               text1        002E58
btemp                     temp         00005D
end_of_initialization     cinit        002FD6
fabsf@F465                bssBANK0     0000A1
fabsf@u                   cstackCOMRAM 00004F
fabsf@x                   cstackCOMRAM 00004B
fminf@x                   cstackCOMRAM 00000F
fminf@y                   cstackCOMRAM 000013
int$flags                 temp         00005D
int_func                  intcode_body 003000
intlevel0                 text         000000
intlevel1                 text         000000
intlevel2                 text         000000
intlevel3                 text         000000
isa$std                   (abs)        000001
isa$xinst                 (abs)        000000
lcd_char@Lower_Nibble     cstackCOMRAM 000002
lcd_char@Upper_Nibble     cstackCOMRAM 000003
lcd_char@data             cstackCOMRAM 000004
lcd_char@i                cstackCOMRAM 000005
lcd_char@i_172            cstackCOMRAM 000007
lcd_cmd@a                 cstackCOMRAM 000003
lcd_set_bit@data_bit      cstackCOMRAM 000001
lcd_set_cursor@a          cstackCOMRAM 000005
lcd_set_cursor@b          cstackCOMRAM 000004
lcd_set_cursor@temp       cstackCOMRAM 000008
lcd_set_cursor@y          cstackCOMRAM 000007
lcd_set_cursor@z          cstackCOMRAM 000006
lcd_string@a              cstackCOMRAM 000009
lcd_string@i              cstackCOMRAM 00000B
main@i                    cstackCOMRAM 00005B
stackhi                   (abs)        000000
stacklo                   (abs)        000000
start                     init         00000E
start_initialization      cinit        002FCA
test@s                    cstackCOMRAM 000009
ttemp5                    temp         00005E
ttemp6                    temp         000061
ttemp7                    temp         000065
uart_init@BAUDRATE        cstackCOMRAM 000053
uart_init@baudrate        cstackBANK0  000095
uart_init@config          cstackBANK0  000070
uart_init@e1              cstackBANK0  00006C
uart_init@e11             cstackBANK0  000064
uart_init@e2              cstackBANK0  000079
uart_init@e22             cstackBANK0  000071
uart_init@e3              cstackBANK0  000081
uart_init@e33             cstackBANK0  00007D
uart_init@frequency       cstackBANK0  000091
uart_init@min             cstackBANK0  000068
uart_init@x               cstackBANK0  000075
uart_init@y               cstackBANK0  000085
uart_init@z               cstackBANK0  000089
uart_read@receivedData    cstackCOMRAM 000005
uart_read_buffer@buffer   cstackCOMRAM 000006
uart_read_buffer@i        cstackCOMRAM 00000A
uart_read_buffer@length   cstackCOMRAM 000007
uart_write@payload        cstackCOMRAM 000001
wtemp8                    temp         00005E


MODULE INFORMATION

Module		Function		Class		Link	Load	Size
C:\Program Files\Microchip\xc8\v2.45\pic\sources\c99\common\__signbitf.c
		___signbitf    		CODE           	2E08	0000	80

C:\Program Files\Microchip\xc8\v2.45\pic\sources\c99\common\__signbitf.c estimated size: 80

C:\Program Files\Microchip\xc8\v2.45\pic\sources\c99\common\fleq.c
		___fleq        		CODE           	2ABA	0000	170

C:\Program Files\Microchip\xc8\v2.45\pic\sources\c99\common\fleq.c estimated size: 170

rx_main.c
		_main          		CODE           	2B64	0000	150
		_low_isr       		CODE           	0008	0000	12

rx_main.c estimated size: 162

./lcd.h
		_lcd_cmd       		CODE           	2FAA	0000	32
		_lcd_set_bit   		CODE           	2DAC	0000	92
		_lcd_char      		CODE           	2BFA	0000	124
		_test          		CODE           	2FF6	0000	10
		_lcd_set_cursor		CODE           	2CE4	0000	102
		_lcd_clear     		CODE           	2FE8	0000	14
		_lcd_string    		CODE           	2F34	0000	66
		_lcd_init      		CODE           	2D4A	0000	98

./lcd.h estimated size: 538

C:\Program Files\Microchip\xc8\v2.45\pic\sources\c99\common\fabsf.c
		_fabsf         		CODE           	2F76	0000	52

C:\Program Files\Microchip\xc8\v2.45\pic\sources\c99\common\fabsf.c estimated size: 52

C:\Program Files\Microchip\xc8\v2.45\pic\sources\c99\common\fminf.c
		_fminf         		CODE           	2694	0000	286

C:\Program Files\Microchip\xc8\v2.45\pic\sources\c99\common\fminf.c estimated size: 286

./uart.h
		_uart_write    		CODE           	2E58	0000	78
		_uart_read     		CODE           	2C76	0000	110
		_uart_init     		CODE           	0808	0000	4180
		_uart_read_buffer		CODE           	2EA6	0000	72

./uart.h estimated size: 4440

C:\Program Files\Microchip\xc8\v2.45\pic\sources\c99\common\sprcmul.c
		___flmul       		CODE           	1D1C	0000	1066

C:\Program Files\Microchip\xc8\v2.45\pic\sources\c99\common\sprcmul.c estimated size: 1066

C:\Program Files\Microchip\xc8\v2.45\pic\sources\c99\common\sprcdiv.c
		___fldiv       		CODE           	2146	0000	922

C:\Program Files\Microchip\xc8\v2.45\pic\sources\c99\common\sprcdiv.c estimated size: 922

C:\Program Files\Microchip\xc8\v2.45\pic\sources\c99\common\flge.c
		___flge        		CODE           	28B8	0000	260

C:\Program Files\Microchip\xc8\v2.45\pic\sources\c99\common\flge.c estimated size: 260

shared
		__initialization		CODE           	2FCA	0000	12

shared estimated size: 12

C:\Program Files\Microchip\xc8\v2.45\pic\sources\c99\common\xxtofl.c
		___xxtofl      		CODE           	24E0	0000	436

C:\Program Files\Microchip\xc8\v2.45\pic\sources\c99\common\xxtofl.c estimated size: 436

C:\Program Files\Microchip\xc8\v2.45\pic\sources\c99\common\__fpclassifyf.c
		___fpclassifyf 		CODE           	29BC	0000	254

C:\Program Files\Microchip\xc8\v2.45\pic\sources\c99\common\__fpclassifyf.c estimated size: 254

C:\Program Files\Microchip\xc8\v2.45\pic\sources\c99\common\sprcadd.c
		___flsub       		CODE           	2EEE	0000	70
		___fladd       		CODE           	185C	0000	1216

C:\Program Files\Microchip\xc8\v2.45\pic\sources\c99\common\sprcadd.c estimated size: 1286

C:\Program Files\Microchip\xc8\v2.45\pic\sources\c99\common\fltol.c
		___fltol       		CODE           	27B2	0000	262

C:\Program Files\Microchip\xc8\v2.45\pic\sources\c99\common\fltol.c estimated size: 262

