Microchip MPLAB XC8 Compiler V2.45

Linker command line:

-W-3 \
  --edf=C:\Program Files\Microchip\xc8\v2.45\pic\dat\20230818022343_en.msgs \
  -cn -h+dist/default/production\I2C_MASTER.production.sym \
  --cmf=dist/default/production\I2C_MASTER.production.cmf -z -Q18F458 \
  -oC:\Users\josep\AppData\Local\Temp\xcAs629s.\driver_tmp_3.o \
  --defsym=__MPLAB_BUILD=1 --fixupoverflow=error \
  -Mdist/default/production/I2C_MASTER.production.map \
  --md=C:\Users\josep\AppData\Local\Temp\xcAs629s.\driver_tmp_0.dat -E1 \
  -ver=XC8 Compiler --acfsm=1493 -ACODE=00h-03FFFhx2 -ACONST=00h-07FFFh \
  -ASMALLCONST=0600h-06FFhx122 -AMEDIUMCONST=0600h-07FFFh -ACOMRAM=01h-05Fh \
  -AABS1=00h-05FFh -ABIGRAM=01h-05FFh -ARAM=060h-0FFh,0100h-01FFhx5 \
  -ABANK0=060h-0FFh -ABANK1=0100h-01FFh -ABANK2=0200h-02FFh \
  -ABANK3=0300h-03FFh -ABANK4=0400h-04FFh -ABANK5=0500h-05FFh \
  -ASFR=0F00h-0F5Fh,0F60h-0FFFh -ABIGSFR=0F00h-0FFFh \
  -ACONFIG=0300000h-030000Dh -AIDLOC=0200000h-0200007h \
  -AEEDATA=0F00000h-0F000FFh -peeprom_data=EEDATA \
  -preset_vec=00h,intcode,intcodelo,powerup,init -pramtop=0600h \
  -psmallconst=SMALLCONST -pmediumconst=MEDIUMCONST -pconst=CONST \
  -AFARRAM=00h-00h \
  -prdata=COMRAM,nvrram=COMRAM,nvbit=COMRAM,rbss=COMRAM,rbit=COMRAM \
  -pfarbss=FARRAM,fardata=FARRAM,nvFARRAM=FARRAM \
  -pintsave_regs=BIGRAM,bigbss=BIGRAM,bigdata=BIGRAM -pbss=RAM \
  -pidata=CODE,irdata=CODE,ibigdata=CODE,ifardata=CODE -prparam=COMRAM \
  C:\Users\josep\AppData\Local\Temp\xcAs629s.\driver_tmp_9.o \
  dist/default/production\I2C_MASTER.production.o 

Object code version is 3.11

Machine type is 18F458



                Name                               Link     Load   Length Selector   Space Scale
C:\Users\josep\AppData\Local\Temp\xcAs629s.\driver_tmp_9.o
                config                           300002   300002        2        0       4
                text                                C36      C36        2      306       0
                init                                  2        2        4        0       0
                reset_vec                             0        0        2        0       0
dist/default/production\I2C_MASTER.production.o
                config                           300002   300002        2        0       4
                smallconst                          600      600        C      300       0
                text14                              76A      76A       BE      306       0
                text13                              AA0      AA0       62      306       0
                text12                              B36      B36       34      306       0
                text11                              B02      B02       34      306       0
                text10                              B6A      B6A       32      306       0
                text9                               BF2      BF2       1C      306       0
                text8                               B9C      B9C       30      306       0
                text7                               942      942       80      306       0
                text6                               BCC      BCC       26      306       0
                text5                               C24      C24       12      306       0
                text4                               A38      A38       68      306       0
                text3                               9C2      9C2       76      306       0
                text2                               8B6      8B6       8C      306       0
                text1                               828      828       8E      306       0
                text0                               60C      60C      15E      306       0
                cstackCOMRAM                         41       41       17        1       1
                bssCOMRAM                             1        1       40        1       1
                cinit                               C0E      C0E       16      306       0

TOTAL           Name                               Link     Load   Length     Space
        CLASS   CODE           
                text                                C36      C36        2         0
                init                                  2        2        4         0
                reset_vec                             0        0        2         0
                text14                              76A      76A       BE         0
                text13                              AA0      AA0       62         0
                text12                              B36      B36       34         0
                text11                              B02      B02       34         0
                text10                              B6A      B6A       32         0
                text9                               BF2      BF2       1C         0
                text8                               B9C      B9C       30         0
                text7                               942      942       80         0
                text6                               BCC      BCC       26         0
                text5                               C24      C24       12         0
                text4                               A38      A38       68         0
                text3                               9C2      9C2       76         0
                text2                               8B6      8B6       8C         0
                text1                               828      828       8E         0
                text0                               60C      60C      15E         0
                cinit                               C0E      C0E       16         0

        CLASS   CONST          

        CLASS   SMALLCONST     
                smallconst                          600      600        C         0

        CLASS   MEDIUMCONST    

        CLASS   COMRAM         
                cstackCOMRAM                         41       41       17         1
                bssCOMRAM                             1        1       40         1

        CLASS   ABS1           

        CLASS   BIGRAM         

        CLASS   RAM            

        CLASS   BANK0          

        CLASS   BANK1          

        CLASS   BANK2          

        CLASS   BANK3          

        CLASS   BANK4          

        CLASS   BANK5          

        CLASS   SFR            

        CLASS   BIGSFR         

        CLASS   CONFIG         
                config                           300002   300002        2         4

        CLASS   IDLOC          

        CLASS   EEDATA         

        CLASS   FARRAM         

        CLASS   HEAP           

        CLASS   STACK          



SEGMENTS        Name                           Load    Length   Top    Selector   Space  Class

                reset_vec                      000000  000006  000006         0       0  CODE    
                bssCOMRAM                      000001  000057  000058         1       1  COMRAM  
                smallconst                     000600  00000C  00060C       300       0  SMALLCON
                text0                          00060C  00062C  000C38       306       0  CODE    


UNUSED ADDRESS RANGES

        Name                Unused          Largest block    Delta
        BANK0            000060-0000FF               A0
        BANK1            000100-0001FF              100
        BANK2            000200-0002FF              100
        BANK3            000300-0003FF              100
        BANK4            000400-0004FF              100
        BANK5            000500-0005FF              100
        BIGRAM           000058-0005FF              5A8
        BIGSFR           000F00-000FFF              100
        CODE             000006-0005FF              5FA
                         000C38-007FFF             33C8
        COMRAM           000058-00005F                8
        CONFIG           300000-300001                2
                         300004-30000D                A
        CONST            000006-0005FF              5FA
                         000C38-007FFF             73C8
        EEDATA           F00000-F000FF              100
        IDLOC            200000-200007                8
        MEDIUMCONST      000C38-007FFF             73C8
        RAM              000060-0005FF              100
        SFR              000F00-000FFF               60
        SMALLCONST       000C38-007FFF              100

                                  Symbol Table

?___lldiv                                                                 cstackCOMRAM 000041
_ACKDT                                                                    (abs)        007E2D
_ACKEN                                                                    (abs)        007E2C
_LATD                                                                     (abs)        000F8C
_LATDbits                                                                 (abs)        000F8C
_PEN                                                                      (abs)        007E2A
_RCEN                                                                     (abs)        007E2B
_RSEN                                                                     (abs)        007E29
_SEN                                                                      (abs)        007E28
_SSPADD                                                                   (abs)        000FC8
_SSPBUF                                                                   (abs)        000FC9
_SSPCON1                                                                  (abs)        000FC6
_SSPCON2                                                                  (abs)        000FC5
_SSPIF                                                                    (abs)        007CF3
_SSPSTAT                                                                  (abs)        000FC7
_TRISC3                                                                   (abs)        007CA3
_TRISC4                                                                   (abs)        007CA4
_TRISD                                                                    (abs)        000F95
__HRAM                                                                    (abs)        000000
__H__absolute__                                                           __absolute__ 000000
__Habs1                                                                   abs1         000000
__Hbank0                                                                  bank0        000000
__Hbank1                                                                  bank1        000000
__Hbank2                                                                  bank2        000000
__Hbank3                                                                  bank3        000000
__Hbank4                                                                  bank4        000000
__Hbank5                                                                  bank5        000000
__Hbigbss                                                                 bigbss       000000
__Hbigdata                                                                bigdata      000000
__Hbigram                                                                 bigram       000000
__Hbigsfr                                                                 bigsfr       000000
__Hbss                                                                    bss          000000
__HbssCOMRAM                                                              bssCOMRAM    000000
__Hcinit                                                                  cinit        000000
__Hclrtext                                                                clrtext      000000
__Hcomram                                                                 comram       000000
__Hconfig                                                                 config       300004
__Hconst                                                                  const        000000
__HcstackCOMRAM                                                           cstackCOMRAM 000000
__Hdata                                                                   data         000000
__Heeprom_data                                                            eeprom_data  000000
__Hfarbss                                                                 farbss       000000
__Hfardata                                                                fardata      000000
__Hheap                                                                   heap         000000
__Hibigdata                                                               ibigdata     000000
__Hidata                                                                  idata        000000
__Hidloc                                                                  idloc        000000
__Hifardata                                                               ifardata     000000
__Hinit                                                                   init         000006
__Hintcode                                                                intcode      000002
__Hintcode_body                                                           intcode_body 000000
__Hintcodelo                                                              intcodelo    000002
__Hintentry                                                               intentry     000000
__Hintret                                                                 intret       000000
__Hintsave_regs                                                           intsave_regs 000000
__Hirdata                                                                 irdata       000000
__Hmediumconst                                                            mediumconst  000000
__HnvFARRAM                                                               nvFARRAM     000000
__Hnvbit                                                                  nvbit        000000
__Hnvrram                                                                 nvrram       000000
__Hparam                                                                  rparam       000000
__Hpowerup                                                                powerup      000002
__Hram                                                                    ram          000000
__Hramtop                                                                 ramtop       000600
__Hrbit                                                                   rbit         000000
__Hrbss                                                                   rbss         000000
__Hrdata                                                                  rdata        000000
__Hreset_vec                                                              reset_vec    000002
__Hrparam                                                                 rparam       000000
__Hsfr                                                                    sfr          000000
__Hsmallconst                                                             smallconst   00060C
__Hspace_0                                                                (abs)        000C38
__Hspace_1                                                                (abs)        000058
__Hspace_2                                                                (abs)        000000
__Hspace_4                                                                (abs)        600006
__Hstack                                                                  stack        000000
__Hstruct                                                                 struct       000000
__Htemp                                                                   temp         000000
__Htext                                                                   text         000000
__Htext0                                                                  text0        000000
__Htext1                                                                  text1        000000
__Htext10                                                                 text10       000000
__Htext11                                                                 text11       000000
__Htext12                                                                 text12       000000
__Htext13                                                                 text13       000000
__Htext14                                                                 text14       000000
__Htext2                                                                  text2        000000
__Htext3                                                                  text3        000000
__Htext4                                                                  text4        000000
__Htext5                                                                  text5        000000
__Htext6                                                                  text6        000000
__Htext7                                                                  text7        000000
__Htext8                                                                  text8        000000
__Htext9                                                                  text9        000000
__LRAM                                                                    (abs)        000001
__L__absolute__                                                           __absolute__ 000000
__Labs1                                                                   abs1         000000
__Lbank0                                                                  bank0        000000
__Lbank1                                                                  bank1        000000
__Lbank2                                                                  bank2        000000
__Lbank3                                                                  bank3        000000
__Lbank4                                                                  bank4        000000
__Lbank5                                                                  bank5        000000
__Lbigbss                                                                 bigbss       000000
__Lbigdata                                                                bigdata      000000
__Lbigram                                                                 bigram       000000
__Lbigsfr                                                                 bigsfr       000000
__Lbss                                                                    bss          000000
__LbssCOMRAM                                                              bssCOMRAM    000000
__Lcinit                                                                  cinit        000000
__Lclrtext                                                                clrtext      000000
__Lcomram                                                                 comram       000000
__Lconfig                                                                 config       000000
__Lconst                                                                  const        000000
__LcstackCOMRAM                                                           cstackCOMRAM 000000
__Ldata                                                                   data         000000
__Leeprom_data                                                            eeprom_data  000000
__Lfarbss                                                                 farbss       000000
__Lfardata                                                                fardata      000000
__Lheap                                                                   heap         000000
__Libigdata                                                               ibigdata     000000
__Lidata                                                                  idata        000000
__Lidloc                                                                  idloc        000000
__Lifardata                                                               ifardata     000000
__Linit                                                                   init         000002
__Lintcode                                                                intcode      000002
__Lintcode_body                                                           intcode_body 000000
__Lintcodelo                                                              intcodelo    000002
__Lintentry                                                               intentry     000000
__Lintret                                                                 intret       000000
__Lintsave_regs                                                           intsave_regs 000000
__Lirdata                                                                 irdata       000000
__Lmediumconst                                                            mediumconst  000000
__LnvFARRAM                                                               nvFARRAM     000000
__Lnvbit                                                                  nvbit        000000
__Lnvrram                                                                 nvrram       000000
__Lparam                                                                  rparam       000000
__Lpowerup                                                                powerup      000002
__Lram                                                                    ram          000000
__Lramtop                                                                 ramtop       000600
__Lrbit                                                                   rbit         000000
__Lrbss                                                                   rbss         000000
__Lrdata                                                                  rdata        000000
__Lreset_vec                                                              reset_vec    000000
__Lrparam                                                                 rparam       000000
__Lsfr                                                                    sfr          000000
__Lsmallconst                                                             smallconst   000600
__Lspace_0                                                                (abs)        000000
__Lspace_1                                                                (abs)        000000
__Lspace_2                                                                (abs)        000000
__Lspace_4                                                                (abs)        000000
__Lstack                                                                  stack        000000
__Lstruct                                                                 struct       000000
__Ltemp                                                                   temp         000000
__Ltext                                                                   text         000000
__Ltext0                                                                  text0        000000
__Ltext1                                                                  text1        000000
__Ltext10                                                                 text10       000000
__Ltext11                                                                 text11       000000
__Ltext12                                                                 text12       000000
__Ltext13                                                                 text13       000000
__Ltext14                                                                 text14       000000
__Ltext2                                                                  text2        000000
__Ltext3                                                                  text3        000000
__Ltext4                                                                  text4        000000
__Ltext5                                                                  text5        000000
__Ltext6                                                                  text6        000000
__Ltext7                                                                  text7        000000
__Ltext8                                                                  text8        000000
__Ltext9                                                                  text9        000000
__S0                                                                      (abs)        000C38
__S1                                                                      (abs)        000058
__S4                                                                      (abs)        000000
__S5                                                                      (abs)        000000
___heap_hi                                                                (abs)        000000
___heap_lo                                                                (abs)        000000
___inthi_sp                                                               stack        000000
___inthi_stack_hi                                                         stack        000000
___inthi_stack_lo                                                         stack        000000
___intlo_sp                                                               stack        000000
___intlo_stack_hi                                                         stack        000000
___intlo_stack_lo                                                         stack        000000
___lldiv                                                                  text14       00076A
___lldiv@counter                                                          cstackCOMRAM 00004D
___lldiv@dividend                                                         cstackCOMRAM 000041
___lldiv@divisor                                                          cstackCOMRAM 000045
___lldiv@quotient                                                         cstackCOMRAM 000049
___param_bank                                                             (abs)        000000
___rparam_used                                                            (abs)        000001
___sp                                                                     stack        000000
___stack_hi                                                               stack        000000
___stack_lo                                                               stack        000000
__accesstop                                                               (abs)        000060
__activetblptr                                                            (abs)        000002
__cntErrataNOP_C:\Users\josep\AppData\Local\Temp\xcAs629s.\driver_tmp_9.o (abs)        000001
__cntErrataNOP_dist/default/production\I2C_MASTER.production.o            (abs)        00005E
__end_of___lldiv                                                          text14       000828
__end_of__initialization                                                  cinit        000C1A
__end_of_i2c_init                                                         text13       000B02
__end_of_i2c_read                                                         text11       000B36
__end_of_i2c_start                                                        text10       000B9C
__end_of_i2c_stop                                                         text9        000C0E
__end_of_i2c_wait                                                         text12       000B6A
__end_of_i2c_write                                                        text8        000BCC
__end_of_lcd_char                                                         text2        000942
__end_of_lcd_clear                                                        text5        000C36
__end_of_lcd_cmd                                                          text6        000BF2
__end_of_lcd_init                                                         text4        000AA0
__end_of_lcd_set_bit                                                      text7        0009C2
__end_of_lcd_set_cursor                                                   text3        000A38
__end_of_lcd_string                                                       text1        0008B6
__end_of_main                                                             text0        00076A
__initialization                                                          cinit        000C0E
__mediumconst                                                             mediumconst  000000
__pbssCOMRAM                                                              bssCOMRAM    000001
__pcinit                                                                  cinit        000C0E
__pcstackCOMRAM                                                           cstackCOMRAM 000041
__psmallconst                                                             smallconst   000600
__ptext0                                                                  text0        00060C
__ptext1                                                                  text1        000828
__ptext10                                                                 text10       000B6A
__ptext11                                                                 text11       000B02
__ptext12                                                                 text12       000B36
__ptext13                                                                 text13       000AA0
__ptext14                                                                 text14       00076A
__ptext2                                                                  text2        0008B6
__ptext3                                                                  text3        0009C2
__ptext4                                                                  text4        000A38
__ptext5                                                                  text5        000C24
__ptext6                                                                  text6        000BCC
__ptext7                                                                  text7        000942
__ptext8                                                                  text8        000B9C
__ptext9                                                                  text9        000BF2
__ramtop                                                                  ramtop       000600
__smallconst                                                              smallconst   000600
_i2c_init                                                                 text13       000AA0
_i2c_read                                                                 text11       000B02
_i2c_start                                                                text10       000B6A
_i2c_stop                                                                 text9        000BF2
_i2c_wait                                                                 text12       000B36
_i2c_write                                                                text8        000B9C
_lcd_char                                                                 text2        0008B6
_lcd_clear                                                                text5        000C24
_lcd_cmd                                                                  text6        000BCC
_lcd_init                                                                 text4        000A38
_lcd_set_bit                                                              text7        000942
_lcd_set_cursor                                                           text3        0009C2
_lcd_string                                                               text1        000828
_main                                                                     text0        00060C
_rx_payload                                                               bssCOMRAM    000021
_tx_payload                                                               bssCOMRAM    000001
end_of_initialization                                                     cinit        000C1A
i2c_init@baudrate                                                         cstackCOMRAM 00004E
i2c_read@n_ack                                                            cstackCOMRAM 000042
i2c_read@temp                                                             cstackCOMRAM 000043
i2c_write@d                                                               cstackCOMRAM 000041
intlevel0                                                                 text         000C36
intlevel1                                                                 text         000C36
intlevel2                                                                 text         000C36
intlevel3                                                                 text         000C36
isa$std                                                                   (abs)        000001
isa$xinst                                                                 (abs)        000000
lcd_char@Lower_Nibble                                                     cstackCOMRAM 000042
lcd_char@Upper_Nibble                                                     cstackCOMRAM 000043
lcd_char@data                                                             cstackCOMRAM 000048
lcd_char@i                                                                cstackCOMRAM 000044
lcd_char@i_118                                                            cstackCOMRAM 000046
lcd_cmd@a                                                                 cstackCOMRAM 000043
lcd_set_bit@data_bit                                                      cstackCOMRAM 000041
lcd_set_cursor@a                                                          cstackCOMRAM 000045
lcd_set_cursor@b                                                          cstackCOMRAM 000044
lcd_set_cursor@temp                                                       cstackCOMRAM 000048
lcd_set_cursor@y                                                          cstackCOMRAM 000047
lcd_set_cursor@z                                                          cstackCOMRAM 000046
lcd_string@a                                                              cstackCOMRAM 000049
lcd_string@i                                                              cstackCOMRAM 00004D
stackhi                                                                   (abs)        000000
stacklo                                                                   (abs)        000000
start                                                                     init         000002
start_initialization                                                      cinit        000C0E


MODULE INFORMATION

Module		Function		Class		Link	Load	Size
./lcd.h
		_lcd_cmd       		CODE           	0BCC	0000	38
		_lcd_set_bit   		CODE           	0942	0000	128
		_lcd_char      		CODE           	08B6	0000	140
		_lcd_set_cursor		CODE           	09C2	0000	118
		_lcd_clear     		CODE           	0C24	0000	18
		_lcd_string    		CODE           	0828	0000	142
		_lcd_init      		CODE           	0A38	0000	104

./lcd.h estimated size: 688

i2c_master.c
		_main          		CODE           	060C	0000	350

i2c_master.c estimated size: 350

shared
		__initialization		CODE           	0C0E	0000	12

shared estimated size: 12

./i2c_master.h
		_i2c_start     		CODE           	0B6A	0000	50
		_i2c_write     		CODE           	0B9C	0000	48
		_i2c_stop      		CODE           	0BF2	0000	28
		_i2c_wait      		CODE           	0B36	0000	52
		_i2c_read      		CODE           	0B02	0000	52
		_i2c_init      		CODE           	0AA0	0000	98

./i2c_master.h estimated size: 328

C:\Program Files\Microchip\xc8\v2.45\pic\sources\c99\common\__lldiv.c
		___lldiv       		CODE           	076A	0000	190

C:\Program Files\Microchip\xc8\v2.45\pic\sources\c99\common\__lldiv.c estimated size: 190

