Microchip MPLAB XC8 Compiler V2.45

Linker command line:

-W-3 \
  --edf=C:\Program Files\Microchip\xc8\v2.45\pic\dat\20230818022343_en.msgs \
  -cn -h+dist/default/debug\I2C_RX.debug.sym \
  --cmf=dist/default/debug\I2C_RX.debug.cmf -z -Q18F458 \
  -oC:\Users\josep\AppData\Local\Temp\xcAsc5e0.\driver_tmp_3.o \
  --defsym=__MPLAB_BUILD=1 --fixupoverflow=error \
  -Mdist/default/debug/I2C_RX.debug.map \
  --md=C:\Users\josep\AppData\Local\Temp\xcAsc5e0.\driver_tmp_0.dat -E1 \
  -ver=XC8 Compiler --acfsm=1493 -ACODE=00h-03FFFhx2 -ACONST=00h-07FFFh \
  -ASMALLCONST=0600h-06FFhx122 -AMEDIUMCONST=0600h-07FFFh -ACOMRAM=01h-05Fh \
  -AABS1=00h-05FFh -ABIGRAM=01h-05FFh -ARAM=060h-0FFh,0100h-01FFhx5 \
  -ABANK0=060h-0FFh -ABANK1=0100h-01FFh -ABANK2=0200h-02FFh \
  -ABANK3=0300h-03FFh -ABANK4=0400h-04FFh -ABANK5=0500h-05FFh \
  -ASFR=0F00h-0F5Fh,0F60h-0FFFh -ABIGSFR=0F00h-0FFFh \
  -ACONFIG=0300000h-030000Dh -AIDLOC=0200000h-0200007h \
  -AEEDATA=0F00000h-0F000FFh -peeprom_data=EEDATA \
  -preset_vec=00h,intcode,intcodelo,powerup,init -pramtop=0600h \
  -psmallconst=SMALLCONST -pmediumconst=MEDIUMCONST -pconst=CONST \
  -AFARRAM=00h-00h \
  -prdata=COMRAM,nvrram=COMRAM,nvbit=COMRAM,rbss=COMRAM,rbit=COMRAM \
  -pfarbss=FARRAM,fardata=FARRAM,nvFARRAM=FARRAM \
  -pintsave_regs=BIGRAM,bigbss=BIGRAM,bigdata=BIGRAM -pbss=RAM \
  -pidata=CODE,irdata=CODE,ibigdata=CODE,ifardata=CODE -prparam=COMRAM \
  C:\Users\josep\AppData\Local\Temp\xcAsc5e0.\driver_tmp_9.o \
  dist/default/debug\I2C_RX.debug.o 

Object code version is 3.11

Machine type is 18F458



                Name                               Link     Load   Length Selector   Space Scale
C:\Users\josep\AppData\Local\Temp\xcAsc5e0.\driver_tmp_9.o
                text                                96E      96E        2      301       0
                init                                  2        2        4        0       0
                reset_vec                             0        0        2        0       0
dist/default/debug\I2C_RX.debug.o
                smallconst                          600      600        2      300       0
                text11                              95A      95A        E      301       0
                text10                              94C      94C        E      301       0
                text9                               68E      68E       8C      301       0
                text8                               8E8      8E8       2C      301       0
                text7                               8BC      8BC       2C      301       0
                text6                               71A      71A       80      301       0
                text5                               602      602       8C      301       0
                text4                               914      914       26      301       0
                text3                               93A      93A       12      301       0
                text2                               810      810       6C      301       0
                text1                               79A      79A       76      301       0
                text0                               87C      87C       40      301       0
                cstackCOMRAM                          1        1        9        1       1
                cinit                               968      968        6      301       0

TOTAL           Name                               Link     Load   Length     Space
        CLASS   CODE           
                text                                96E      96E        2         0
                init                                  2        2        4         0
                reset_vec                             0        0        2         0
                text11                              95A      95A        E         0
                text10                              94C      94C        E         0
                text9                               68E      68E       8C         0
                text8                               8E8      8E8       2C         0
                text7                               8BC      8BC       2C         0
                text6                               71A      71A       80         0
                text5                               602      602       8C         0
                text4                               914      914       26         0
                text3                               93A      93A       12         0
                text2                               810      810       6C         0
                text1                               79A      79A       76         0
                text0                               87C      87C       40         0
                cinit                               968      968        6         0

        CLASS   CONST          

        CLASS   SMALLCONST     
                smallconst                          600      600        2         0

        CLASS   MEDIUMCONST    

        CLASS   COMRAM         
                cstackCOMRAM                          1        1        9         1

        CLASS   ABS1           

        CLASS   BIGRAM         

        CLASS   RAM            

        CLASS   BANK0          

        CLASS   BANK1          

        CLASS   BANK2          

        CLASS   BANK3          

        CLASS   BANK4          

        CLASS   BANK5          

        CLASS   SFR            

        CLASS   BIGSFR         

        CLASS   CONFIG         

        CLASS   IDLOC          

        CLASS   EEDATA         

        CLASS   FARRAM         

        CLASS   HEAP           

        CLASS   STACK          



SEGMENTS        Name                           Load    Length   Top    Selector   Space  Class

                reset_vec                      000000  000006  000006         0       0  CODE    
                cstackCOMRAM                   000001  000009  00000A         1       1  COMRAM  
                smallconst                     000600  000002  000602       300       0  SMALLCON
                text5                          000602  00036E  000970       301       0  CODE    


UNUSED ADDRESS RANGES

        Name                Unused          Largest block    Delta
        BANK0            0060-00FF             A0
        BANK1            0100-01FF            100
        BANK2            0200-02FF            100
        BANK3            0300-03FF            100
        BANK4            0400-04FF            100
        BANK5            0500-05FF            100
        BIGRAM           000A-05FF            5F6
        BIGSFR           0F00-0FFF            100
        CODE             0006-05FF            5FA
                         0970-7FFF           3690
        COMRAM           000A-005F             56
        CONFIG           300000-30000D              E
        CONST            0006-05FF            5FA
                         0970-7FFF           7690
        EEDATA           F00000-F000FF            100
        IDLOC            200000-200007              8
        MEDIUMCONST      0970-7FFF           7690
        RAM              0060-05FF            100
        SFR              0F00-0FFF             60
        SMALLCONST       0970-7FFF            100

                                  Symbol Table

_LATBbits                                                                 (abs)        0F8A
_LATD                                                                     (abs)        0F8C
_LATDbits                                                                 (abs)        0F8C
_TRISB1                                                                   (abs)        7C99
_TRISB4                                                                   (abs)        7C9C
_TRISD                                                                    (abs)        0F95
__HRAM                                                                    (abs)        0000
__H__absolute__                                                           __absolute__ 0000
__Habs1                                                                   abs1         0000
__Hbank0                                                                  bank0        0000
__Hbank1                                                                  bank1        0000
__Hbank2                                                                  bank2        0000
__Hbank3                                                                  bank3        0000
__Hbank4                                                                  bank4        0000
__Hbank5                                                                  bank5        0000
__Hbigbss                                                                 bigbss       0000
__Hbigdata                                                                bigdata      0000
__Hbigram                                                                 bigram       0000
__Hbigsfr                                                                 bigsfr       0000
__Hbss                                                                    bss          0000
__Hcinit                                                                  cinit        0000
__Hclrtext                                                                clrtext      0000
__Hcomram                                                                 comram       0000
__Hconfig                                                                 config       0000
__Hconst                                                                  const        0000
__HcstackCOMRAM                                                           cstackCOMRAM 0000
__Hdata                                                                   data         0000
__Heeprom_data                                                            eeprom_data  0000
__Hfarbss                                                                 farbss       0000
__Hfardata                                                                fardata      0000
__Hheap                                                                   heap         0000
__Hibigdata                                                               ibigdata     0000
__Hidata                                                                  idata        0000
__Hidloc                                                                  idloc        0000
__Hifardata                                                               ifardata     0000
__Hinit                                                                   init         0006
__Hintcode                                                                intcode      0002
__Hintcode_body                                                           intcode_body 0000
__Hintcodelo                                                              intcodelo    0002
__Hintentry                                                               intentry     0000
__Hintret                                                                 intret       0000
__Hintsave_regs                                                           intsave_regs 0000
__Hirdata                                                                 irdata       0000
__Hmediumconst                                                            mediumconst  0000
__HnvFARRAM                                                               nvFARRAM     0000
__Hnvbit                                                                  nvbit        0000
__Hnvrram                                                                 nvrram       0000
__Hparam                                                                  rparam       0000
__Hpowerup                                                                powerup      0002
__Hram                                                                    ram          0000
__Hramtop                                                                 ramtop       0600
__Hrbit                                                                   rbit         0000
__Hrbss                                                                   rbss         0000
__Hrdata                                                                  rdata        0000
__Hreset_vec                                                              reset_vec    0002
__Hrparam                                                                 rparam       0000
__Hsfr                                                                    sfr          0000
__Hsmallconst                                                             smallconst   0602
__Hspace_0                                                                (abs)        0970
__Hspace_1                                                                (abs)        000A
__Hspace_2                                                                (abs)        0000
__Hspace_4                                                                (abs)        0000
__Hstack                                                                  stack        0000
__Hstruct                                                                 struct       0000
__Htemp                                                                   temp         0000
__Htext                                                                   text         0000
__Htext0                                                                  text0        0000
__Htext1                                                                  text1        0000
__Htext10                                                                 text10       0000
__Htext11                                                                 text11       0000
__Htext2                                                                  text2        0000
__Htext3                                                                  text3        0000
__Htext4                                                                  text4        0000
__Htext5                                                                  text5        0000
__Htext6                                                                  text6        0000
__Htext7                                                                  text7        0000
__Htext8                                                                  text8        0000
__Htext9                                                                  text9        0000
__LRAM                                                                    (abs)        0001
__L__absolute__                                                           __absolute__ 0000
__Labs1                                                                   abs1         0000
__Lbank0                                                                  bank0        0000
__Lbank1                                                                  bank1        0000
__Lbank2                                                                  bank2        0000
__Lbank3                                                                  bank3        0000
__Lbank4                                                                  bank4        0000
__Lbank5                                                                  bank5        0000
__Lbigbss                                                                 bigbss       0000
__Lbigdata                                                                bigdata      0000
__Lbigram                                                                 bigram       0000
__Lbigsfr                                                                 bigsfr       0000
__Lbss                                                                    bss          0000
__Lcinit                                                                  cinit        0000
__Lclrtext                                                                clrtext      0000
__Lcomram                                                                 comram       0000
__Lconfig                                                                 config       0000
__Lconst                                                                  const        0000
__LcstackCOMRAM                                                           cstackCOMRAM 0000
__Ldata                                                                   data         0000
__Leeprom_data                                                            eeprom_data  0000
__Lfarbss                                                                 farbss       0000
__Lfardata                                                                fardata      0000
__Lheap                                                                   heap         0000
__Libigdata                                                               ibigdata     0000
__Lidata                                                                  idata        0000
__Lidloc                                                                  idloc        0000
__Lifardata                                                               ifardata     0000
__Linit                                                                   init         0002
__Lintcode                                                                intcode      0002
__Lintcode_body                                                           intcode_body 0000
__Lintcodelo                                                              intcodelo    0002
__Lintentry                                                               intentry     0000
__Lintret                                                                 intret       0000
__Lintsave_regs                                                           intsave_regs 0000
__Lirdata                                                                 irdata       0000
__Lmediumconst                                                            mediumconst  0000
__LnvFARRAM                                                               nvFARRAM     0000
__Lnvbit                                                                  nvbit        0000
__Lnvrram                                                                 nvrram       0000
__Lparam                                                                  rparam       0000
__Lpowerup                                                                powerup      0002
__Lram                                                                    ram          0000
__Lramtop                                                                 ramtop       0600
__Lrbit                                                                   rbit         0000
__Lrbss                                                                   rbss         0000
__Lrdata                                                                  rdata        0000
__Lreset_vec                                                              reset_vec    0000
__Lrparam                                                                 rparam       0000
__Lsfr                                                                    sfr          0000
__Lsmallconst                                                             smallconst   0600
__Lspace_0                                                                (abs)        0000
__Lspace_1                                                                (abs)        0000
__Lspace_2                                                                (abs)        0000
__Lspace_4                                                                (abs)        0000
__Lstack                                                                  stack        0000
__Lstruct                                                                 struct       0000
__Ltemp                                                                   temp         0000
__Ltext                                                                   text         0000
__Ltext0                                                                  text0        0000
__Ltext1                                                                  text1        0000
__Ltext10                                                                 text10       0000
__Ltext11                                                                 text11       0000
__Ltext2                                                                  text2        0000
__Ltext3                                                                  text3        0000
__Ltext4                                                                  text4        0000
__Ltext5                                                                  text5        0000
__Ltext6                                                                  text6        0000
__Ltext7                                                                  text7        0000
__Ltext8                                                                  text8        0000
__Ltext9                                                                  text9        0000
__S0                                                                      (abs)        0970
__S1                                                                      (abs)        000A
__S4                                                                      (abs)        0000
__S5                                                                      (abs)        0000
___heap_hi                                                                (abs)        0000
___heap_lo                                                                (abs)        0000
___inthi_sp                                                               stack        0000
___inthi_stack_hi                                                         stack        0000
___inthi_stack_lo                                                         stack        0000
___intlo_sp                                                               stack        0000
___intlo_stack_hi                                                         stack        0000
___intlo_stack_lo                                                         stack        0000
___param_bank                                                             (abs)        0000
___rparam_used                                                            (abs)        0001
___sp                                                                     stack        0000
___stack_hi                                                               stack        0000
___stack_lo                                                               stack        0000
__accesstop                                                               (abs)        0060
__activetblptr                                                            (abs)        0000
__cntErrataNOP_C:\Users\josep\AppData\Local\Temp\xcAsc5e0.\driver_tmp_9.o (abs)        0001
__cntErrataNOP_dist/default/debug\I2C_RX.debug.o                          (abs)        004A
__end_of__initialization                                                  cinit        0968
__end_of_i2c_dly                                                          text10       095A
__end_of_i2c_slave_init                                                   text11       0968
__end_of_i2c_slave_rx                                                     text9        071A
__end_of_i2c_wait_for_start                                               text8        0914
__end_of_i2c_wait_for_stop                                                text7        08E8
__end_of_lcd_char                                                         text5        068E
__end_of_lcd_clear                                                        text3        094C
__end_of_lcd_cmd                                                          text4        093A
__end_of_lcd_init                                                         text2        087C
__end_of_lcd_set_bit                                                      text6        079A
__end_of_lcd_set_cursor                                                   text1        0810
__end_of_main                                                             text0        08BC
__initialization                                                          cinit        0968
__mediumconst                                                             mediumconst  0000
__pcinit                                                                  cinit        0968
__pcstackCOMRAM                                                           cstackCOMRAM 0001
__psmallconst                                                             smallconst   0600
__ptext0                                                                  text0        087C
__ptext1                                                                  text1        079A
__ptext10                                                                 text10       094C
__ptext11                                                                 text11       095A
__ptext2                                                                  text2        0810
__ptext3                                                                  text3        093A
__ptext4                                                                  text4        0914
__ptext5                                                                  text5        0602
__ptext6                                                                  text6        071A
__ptext7                                                                  text7        08BC
__ptext8                                                                  text8        08E8
__ptext9                                                                  text9        068E
__ramtop                                                                  ramtop       0600
__smallconst                                                              smallconst   0600
_i2c_dly                                                                  text10       094C
_i2c_slave_init                                                           text11       095A
_i2c_slave_rx                                                             text9        068E
_i2c_wait_for_start                                                       text8        08E8
_i2c_wait_for_stop                                                        text7        08BC
_lcd_char                                                                 text5        0602
_lcd_clear                                                                text3        093A
_lcd_cmd                                                                  text4        0914
_lcd_init                                                                 text2        0810
_lcd_set_bit                                                              text6        071A
_lcd_set_cursor                                                           text1        079A
_main                                                                     text0        087C
end_of_initialization                                                     cinit        0968
i2c_slave_rx@data                                                         cstackCOMRAM 0002
i2c_slave_rx@nack                                                         cstackCOMRAM 0001
i2c_slave_rx@x                                                            cstackCOMRAM 0003
intlevel0                                                                 text         096E
intlevel1                                                                 text         096E
intlevel2                                                                 text         096E
intlevel3                                                                 text         096E
isa$std                                                                   (abs)        0001
isa$xinst                                                                 (abs)        0000
lcd_char@Lower_Nibble                                                     cstackCOMRAM 0002
lcd_char@Upper_Nibble                                                     cstackCOMRAM 0003
lcd_char@data                                                             cstackCOMRAM 0008
lcd_char@i                                                                cstackCOMRAM 0004
lcd_char@i_146                                                            cstackCOMRAM 0006
lcd_cmd@a                                                                 cstackCOMRAM 0003
lcd_set_bit@data_bit                                                      cstackCOMRAM 0001
lcd_set_cursor@a                                                          cstackCOMRAM 0005
lcd_set_cursor@b                                                          cstackCOMRAM 0004
lcd_set_cursor@temp                                                       cstackCOMRAM 0008
lcd_set_cursor@y                                                          cstackCOMRAM 0007
lcd_set_cursor@z                                                          cstackCOMRAM 0006
main@payload                                                              cstackCOMRAM 0009
stackhi                                                                   (abs)        0000
stacklo                                                                   (abs)        0000
start                                                                     init         0002
start_initialization                                                      cinit        0968


MODULE INFORMATION

Module		Function		Class		Link	Load	Size
rx_main.c
		_main          		CODE           	087C	0000	64

rx_main.c estimated size: 64

./lcd.h
		_lcd_cmd       		CODE           	0914	0000	38
		_lcd_set_bit   		CODE           	071A	0000	128
		_lcd_char      		CODE           	0602	0000	140
		_lcd_set_cursor		CODE           	079A	0000	118
		_lcd_clear     		CODE           	093A	0000	18
		_lcd_init      		CODE           	0810	0000	108

./lcd.h estimated size: 550

./soft_i2c_slave.h
		_i2c_wait_for_stop		CODE           	08BC	0000	44
		_i2c_dly       		CODE           	094C	0000	14
		_i2c_slave_rx  		CODE           	068E	0000	140
		_i2c_wait_for_start		CODE           	08E8	0000	44
		_i2c_slave_init		CODE           	095A	0000	14

./soft_i2c_slave.h estimated size: 256

shared
		__initialization		CODE           	0968	0000	1

shared estimated size: 1

